******************************************************************************
                  TI ARM Linker PC v18.1.1                     
******************************************************************************
>> Linked Thu Apr 26 08:41:32 2018

OUTPUT FILE NAME:   <Cubli_controller.out>
ENTRY POINT SYMBOL: "_c_int00_noargs"  address: 00002d95


MEMORY CONFIGURATION

         name            origin    length      used     unused   attr    fill
----------------------  --------  ---------  --------  --------  ----  --------
  MAIN                  00000000   00040000  00003241  0003cdbf  R  X
  INFO                  00200000   00004000  00000000  00004000  R  X
  SRAM_CODE             01000000   00010000  000009f0  0000f610  RW X
  SRAM_DATA             20000000   00010000  000009f0  0000f610  RW  


SEGMENT ALLOCATION MAP

run origin  load origin   length   init length attrs members
----------  ----------- ---------- ----------- ----- -------
00000000    00000000    00003248   00003248    r-x
  00000000    00000000    000000e4   000000e4    r-- .intvecs
  000000e4    000000e4    00002fc4   00002fc4    r-x .text
  000030a8    000030a8    00000101   00000101    r-- .const
  000031b0    000031b0    00000098   00000098    r-- .cinit
20000000    20000000    000007f0   00000000    rw-
  20000000    20000000    00000400   00000000    rw- .sysmem
  20000400    20000400    00000200   00000000    rw- .bss
  20000600    20000600    000001f0   00000000    rw- .data
2000fe00    2000fe00    00000200   00000000    rw-
  2000fe00    2000fe00    00000200   00000000    rw- .stack


SECTION ALLOCATION MAP

 output                                  attributes/
section   page    origin      length       input sections
--------  ----  ----------  ----------   ----------------
.intvecs   0    00000000    000000e4     
                  00000000    000000e4     startup_msp432p401r_ccs.obj (.intvecs:retain)

.text      0    000000e4    00002fc4     
                  000000e4    00000a5e     rtsv7M4_T_le_v4SPD16_eabi.lib : _printfi.c.obj (.text:__TI_printfi)
                  00000b42    00000002                                   : _lock.c.obj (.text:_nop)
                  00000b44    0000049c     main.obj (.text)
                  00000fe0    00000270     rtsv7M4_T_le_v4SPD16_eabi.lib : _printfi.c.obj (.text:_pconv_a)
                  00001250    000001e0     system_msp432p401r.obj (.text)
                  00001430    000001d0     rtsv7M4_T_le_v4SPD16_eabi.lib : _printfi.c.obj (.text:_pconv_g)
                  00001600    000001b6                                   : fd_add_t2.asm.obj (.text)
                  000017b6    00000002                                   : div0.asm.obj (.text)
                  000017b8    0000013c                                   : _printfi.c.obj (.text:_pconv_e)
                  000018f4    00000136                                   : fd_div_t2.asm.obj (.text)
                  00001a2a    00000002     --HOLE-- [fill = 0]
                  00001a2c    00000120                                   : _printfi.c.obj (.text:fcvt)
                  00001b4c    00000114                                   : fputs.c.obj (.text:fputs)
                  00001c60    00000110                                   : s_scalbn.c.obj (.text:scalbn)
                  00001d70    000000fc                                   : fd_mul_t2.asm.obj (.text)
                  00001e6c    000000dc                                   : setvbuf.c.obj (.text:setvbuf)
                  00001f48    000000d8                                   : memory.c.obj (.text:free)
                  00002020    000000b1                                   : _printfi.c.obj (.text:_ltostr)
                  000020d1    00000001     --HOLE-- [fill = 0]
                  000020d2    0000009c                                   : memcpy_t2.asm.obj (.text)
                  0000216e    00000096                                   : ull_div_t2.asm.obj (.text)
                  00002204    0000008c                                   : fputc.c.obj (.text:fputc)
                  00002290    00000086                                   : fd_cmp_t2.asm.obj (.text:__aeabi_cdcmple)
                  00002316    00000086                                   : fd_cmp_t2.asm.obj (.text:__aeabi_cdrcmple)
                  0000239c    0000007a                                   : memset_t2.asm.obj (.text)
                  00002416    00000002     --HOLE-- [fill = 0]
                  00002418    00000078                                   : memory.c.obj (.text:malloc)
                  00002490    00000074                                   : fclose.c.obj (.text:__TI_closefile)
                  00002504    0000006e                                   : _printfi.c.obj (.text:_mcpy)
                  00002572    00000002     --HOLE-- [fill = 0]
                  00002574    00000068                                   : hostlseek.c.obj (.text:HOSTlseek)
                  000025dc    00000068                                   : hostrename.c.obj (.text:HOSTrename)
                  00002644    00000068                                   : copy_decompress_lzss.c.obj (.text:decompress:lzss:__TI_decompress_lzss)
                  000026ac    00000068                                   : printf.c.obj (.text:printf)
                  00002714    00000064                                   : s_frexp.c.obj (.text:frexp)
                  00002778    00000064                                   : fseek.c.obj (.text:fseek)
                  000027dc    00000062                                   : _io_perm.c.obj (.text:__TI_wrt_ok)
                  0000283e    00000002     --HOLE-- [fill = 0]
                  00002840    00000060                                   : hostopen.c.obj (.text:HOSTopen)
                  000028a0    0000005c                                   : close.c.obj (.text:close)
                  000028fc    00000058                                   : hostread.c.obj (.text:HOSTread)
                  00002954    00000058                                   : hostwrite.c.obj (.text:HOSTwrite)
                  000029ac    00000056                                   : _printfi.c.obj (.text:_pconv_f)
                  00002a02    00000054                                   : ltoa.c.obj (.text:ltoa)
                  00002a56    00000052                                   : _printfi.c.obj (.text:_ecpy)
                  00002aa8    0000004c                                   : fflush.c.obj (.text:__TI_doflush)
                  00002af4    0000004c                                   : atoi.c.obj (.text:atoi)
                  00002b40    00000048                                   : exit.c.obj (.text:exit)
                  00002b88    00000048                                   : fd_toi_t2.asm.obj (.text)
                  00002bd0    00000044                                   : hostclose.c.obj (.text:HOSTclose)
                  00002c14    00000044                                   : hostunlink.c.obj (.text:HOSTunlink)
                  00002c58    00000044                                   : autoinit.c.obj (.text:__TI_auto_init_nobinit_nopinit:__TI_auto_init_nobinit_nopinit)
                  00002c9c    00000044                                   : getdevice.c.obj (.text:getdevice)
                  00002ce0    0000003e                                   : _printfi.c.obj (.text:_fcpy)
                  00002d1e    00000002     --HOLE-- [fill = 0]
                  00002d20    0000003c                                   : memory.c.obj (.text:minsert)
                  00002d5c    00000038                                   : trgmsg.c.obj (.text:__TI_writemsg)
                  00002d94    00000038                                   : boot_cortex_m.c.obj (.text:_c_int00_noargs:_c_int00_noargs)
                  00002dcc    00000038                                   : memory.c.obj (.text:minit)
                  00002e04    00000036                                   : strncpy.c.obj (.text:strncpy)
                  00002e3a    00000002     --HOLE-- [fill = 0]
                  00002e3c    00000034                                   : fopen.c.obj (.text:__TI_cleanup)
                  00002e70    00000034                                   : trgmsg.c.obj (.text:__TI_readmsg)
                  00002ea4    00000030                                   : getdevice.c.obj (.text:finddevice)
                  00002ed4    0000002e                                   : i_tofd_t2.asm.obj (.text)
                  00002f02    00000002     --HOLE-- [fill = 0]
                  00002f04    0000002c                                   : unlink.c.obj (.text:unlink)
                  00002f30    00000028                                   : lseek.c.obj (.text:lseek)
                  00002f58    00000028                                   : memory.c.obj (.text:mremove)
                  00002f80    00000028                                   : write.c.obj (.text:write)
                  00002fa8    00000020                                   : memchr.c.obj (.text:memchr)
                  00002fc8    0000001c                                   : memccpy.c.obj (.text:memccpy)
                  00002fe4    00000018                                   : strcmp.c.obj (.text:strcmp)
                  00002ffc    00000016                                   : strchr.c.obj (.text:strchr)
                  00003012    00000014                                   : s_copysign.c.obj (.text:copysign)
                  00003026    00000014                                   : strcpy.c.obj (.text:strcpy)
                  0000303a    00000014                                   : strlen.c.obj (.text:strlen)
                  0000304e    00000012                                   : copy_zero_init.c.obj (.text:decompress:ZI:__TI_zero_init_nomemset:__TI_zero_init_nomemset)
                  00003060    00000012                                   : wcslen.c.obj (.text:wcslen)
                  00003072    0000000e                                   : copy_decompress_none.c.obj (.text:decompress:none:__TI_decompress_none)
                  00003080    0000000e     startup_msp432p401r_ccs.obj (.text)
                  0000308e    00000002     --HOLE-- [fill = 0]
                  00003090    00000008     rtsv7M4_T_le_v4SPD16_eabi.lib : errno.c.obj (.text:__aeabi_errno_addr)
                  00003098    00000004                                   : printf.c.obj (.text:_outc)
                  0000309c    00000004                                   : printf.c.obj (.text:_outs)
                  000030a0    00000004                                   : pre_init.c.obj (.text:_system_pre_init)
                  000030a4    00000004                                   : exit.c.obj (.text:abort:abort)

.const     0    000030a8    00000101     
                  000030a8    00000101     rtsv7M4_T_le_v4SPD16_eabi.lib : ctype.c.obj (.const:.string:_ctypes_)

.cinit     0    000031b0    00000098     
                  000031b0    00000073     (.cinit..data.load) [load image, compression = lzss]
                  00003223    00000001     --HOLE-- [fill = 0]
                  00003224    0000000c     (__TI_handler_table)
                  00003230    00000008     (.cinit..bss.load) [load image, compression = zero_init]
                  00003238    00000010     (__TI_cinit_table)

.init_array 
*          0    00000000    00000000     UNINITIALIZED

.binit     0    00000000    00000000     

.sysmem    0    20000000    00000400     UNINITIALIZED
                  20000000    00000008     rtsv7M4_T_le_v4SPD16_eabi.lib : memory.c.obj (.sysmem)
                  20000008    000003f8     --HOLE--

.bss       0    20000400    00000200     UNINITIALIZED
                  20000400    00000120     rtsv7M4_T_le_v4SPD16_eabi.lib : trgmsg.c.obj (.bss:_CIOBUF_)
                  20000520    000000a0     (.common:__TI_tmpnams)
                  200005c0    00000008     (.common:parmbuf)
                  200005c8    00000004     (.common:K1)
                  200005cc    00000004     (.common:K2)
                  200005d0    00000004     (.common:K3)
                  200005d4    00000004     (.common:Kc)
                  200005d8    00000004     (.common:cons)
                  200005dc    00000004     (.common:pos_corps)
                  200005e0    00000004     (.common:pos_roue)
                  200005e4    00000004     (.common:prev_pos_corps)
                  200005e8    00000004     (.common:prev_pos_roue)
                  200005ec    00000004     (.common:prev_tic_corps)
                  200005f0    00000004     (.common:prev_tic_roue)
                  200005f4    00000004     (.common:vitesse_corps)
                  200005f8    00000004     (.common:vitesse_roue)
                  200005fc    00000002     (.common:uMax)
                  200005fe    00000002     (.common:uMin)

.data      0    20000600    000001f0     UNINITIALIZED
                  20000600    000000f0     rtsv7M4_T_le_v4SPD16_eabi.lib : defs.c.obj (.data:_ftable)
                  200006f0    00000078                                   : write.c.obj (.data:_device)
                  20000768    00000050                                   : write.c.obj (.data:_stream)
                  200007b8    00000010                                   : defs.c.obj (.data)
                  200007c8    0000000c                                   : exit.c.obj (.data:$O1$$)
                  200007d4    0000000c                                   : memory.c.obj (.data:$O1$$)
                  200007e0    00000008                                   : _lock.c.obj (.data:$O1$$)
                  200007e8    00000004                                   : errno.c.obj (.data)
                  200007ec    00000004     system_msp432p401r.obj (.data)

.stack     0    2000fe00    00000200     UNINITIALIZED
                  2000fe00    00000004     rtsv7M4_T_le_v4SPD16_eabi.lib : boot_cortex_m.c.obj (.stack)
                  2000fe04    000001fc     --HOLE--

MODULE SUMMARY

       Module                        code    ro data   rw data
       ------                        ----    -------   -------
    .\
       main.obj                      1180    0         112    
       system_msp432p401r.obj        480     0         8      
       startup_msp432p401r_ccs.obj   14      228       0      
    +--+-----------------------------+-------+---------+---------+
       Total:                        1674    228       120    
                                                              
    C:\ti\ccsv8\tools\compiler\ti-cgt-arm_18.1.1.LTS\lib\rtsv7M4_T_le_v4SPD16_eabi.lib
       _printfi.c.obj                4863    0         0      
       defs.c.obj                    0       0         832    
       trgmsg.c.obj                  108     0         576    
       memory.c.obj                  492     0         24     
       write.c.obj                   40      0         400    
       fd_add_t2.asm.obj             438     0         0      
       fd_div_t2.asm.obj             310     0         0      
       fputs.c.obj                   276     0         0      
       s_scalbn.c.obj                272     0         0      
       fd_cmp_t2.asm.obj             268     0         0      
       ctype.c.obj                   0       257       0      
       fd_mul_t2.asm.obj             252     0         0      
       setvbuf.c.obj                 220     0         0      
       memcpy_t2.asm.obj             156     0         0      
       ull_div_t2.asm.obj            150     0         0      
       fputc.c.obj                   140     0         0      
       memset_t2.asm.obj             122     0         0      
       fclose.c.obj                  116     0         0      
       getdevice.c.obj               116     0         0      
       hostopen.c.obj                96      0         16     
       printf.c.obj                  112     0         0      
       copy_decompress_lzss.c.obj    104     0         0      
       hostlseek.c.obj               104     0         0      
       hostrename.c.obj              104     0         0      
       exit.c.obj                    76      0         24     
       fseek.c.obj                   100     0         0      
       s_frexp.c.obj                 100     0         0      
       _io_perm.c.obj                98      0         0      
       close.c.obj                   92      0         0      
       hostread.c.obj                88      0         0      
       hostwrite.c.obj               88      0         0      
       ltoa.c.obj                    84      0         0      
       atoi.c.obj                    76      0         0      
       fflush.c.obj                  76      0         0      
       fd_toi_t2.asm.obj             72      0         0      
       autoinit.c.obj                68      0         0      
       hostclose.c.obj               68      0         0      
       hostunlink.c.obj              68      0         0      
       boot_cortex_m.c.obj           56      0         0      
       strncpy.c.obj                 54      0         0      
       fopen.c.obj                   52      0         0      
       i_tofd_t2.asm.obj             46      0         0      
       unlink.c.obj                  44      0         0      
       lseek.c.obj                   40      0         0      
       memchr.c.obj                  32      0         0      
       memccpy.c.obj                 28      0         0      
       strcmp.c.obj                  24      0         0      
       strchr.c.obj                  22      0         0      
       s_copysign.c.obj              20      0         0      
       strcpy.c.obj                  20      0         0      
       strlen.c.obj                  20      0         0      
       _lock.c.obj                   2       0         16     
       copy_zero_init.c.obj          18      0         0      
       wcslen.c.obj                  18      0         0      
       errno.c.obj                   8       0         8      
       copy_decompress_none.c.obj    14      0         0      
       pre_init.c.obj                4       0         0      
       div0.asm.obj                  2       0         0      
    +--+-----------------------------+-------+---------+---------+
       Total:                        10537   257       1896   
                                                              
       Heap:                         0       0         2048   
       Stack:                        0       0         1024   
       Linker Generated:             0       151       0      
    +--+-----------------------------+-------+---------+---------+
       Grand Total:                  12211   636       5088   


LINKER GENERATED COPY TABLES

__TI_cinit_table @ 00003238 records: 2, size/record: 8, table size: 16
	.data: load addr=000031b0, load size=00000073 bytes, run addr=20000600, run size=000001f0 bytes, compression=lzss
	.bss: load addr=00003230, load size=00000008 bytes, run addr=20000400, run size=00000200 bytes, compression=zero_init


LINKER GENERATED HANDLER TABLE

__TI_handler_table @ 00003224 records: 3, size/record: 4, table size: 12
	index: 0, handler: __TI_decompress_lzss
	index: 1, handler: __TI_decompress_none
	index: 2, handler: __TI_zero_init


GLOBAL SYMBOLS: SORTED ALPHABETICALLY BY Name 

address   name                           
-------   ----                           
0000308d  ADC14_IRQHandler               
0000308d  AES256_IRQHandler              
0000308d  BusFault_Handler               
000030a5  C$$EXIT                        
00002d8b  C$$IO$$                        
0000308d  COMP_E0_IRQHandler             
0000308d  COMP_E1_IRQHandler             
0000308d  CS_IRQHandler                  
0000308d  DMA_ERR_IRQHandler             
0000308d  DMA_INT0_IRQHandler            
0000308d  DMA_INT1_IRQHandler            
0000308d  DMA_INT2_IRQHandler            
0000308d  DMA_INT3_IRQHandler            
0000308d  DebugMon_Handler               
0000308d  Default_Handler                
0000308d  EUSCIA0_IRQHandler             
0000308d  EUSCIA1_IRQHandler             
0000308d  EUSCIA2_IRQHandler             
0000308d  EUSCIA3_IRQHandler             
0000308d  EUSCIB0_IRQHandler             
0000308d  EUSCIB1_IRQHandler             
0000308d  EUSCIB2_IRQHandler             
0000308d  EUSCIB3_IRQHandler             
0000308d  FLCTL_IRQHandler               
0000308d  FPU_IRQHandler                 
00002bd1  HOSTclose                      
00002575  HOSTlseek                      
00002841  HOSTopen                       
000028fd  HOSTread                       
000025dd  HOSTrename                     
00002c15  HOSTunlink                     
00002955  HOSTwrite                      
0000308d  HardFault_Handler              
200005c8  K1                             
200005cc  K2                             
200005d0  K3                             
200005d4  Kc                             
0000308d  MemManage_Handler              
0000308d  NMI_Handler                    
0000308d  PCM_IRQHandler                 
0000308d  PORT1_IRQHandler               
00000e5d  PORT2_IRQHandler               
00000e5d  PORT2_IRQHandler               
0000308d  PORT3_IRQHandler               
00000d3b  PORT4_IRQHandler               
00000d3b  PORT4_IRQHandler               
0000308d  PORT5_IRQHandler               
0000308d  PORT6_IRQHandler               
0000308d  PSS_IRQHandler                 
0000308d  PendSV_Handler                 
0000308d  RTC_C_IRQHandler               
00003081  Reset_Handler                  
0000308d  SVC_Handler                    
0000308d  SysTick_Handler                
200007ec  SystemCoreClock                
000012a7  SystemCoreClockUpdate          
00001251  SystemInit                     
0000308d  T32_INT1_IRQHandler            
0000308d  T32_INT2_IRQHandler            
0000308d  T32_INTC_IRQHandler            
00000d0d  TA0_0_IRQHandler               
00000d0d  TA0_0_IRQHandler               
00000cef  TA0_N_IRQHandler               
00000cef  TA0_N_IRQHandler               
0000308d  TA1_0_IRQHandler               
0000308d  TA1_N_IRQHandler               
0000308d  TA2_0_IRQHandler               
0000308d  TA2_N_IRQHandler               
0000308d  TA3_0_IRQHandler               
0000308d  TA3_N_IRQHandler               
0000308d  UsageFault_Handler             
4000480c  WDTCTL_SYM                     
0000308d  WDT_A_IRQHandler               
20000400  __CIOBUF_                      
20010000  __STACK_END                    
00000200  __STACK_SIZE                   
00000400  __SYSMEM_SIZE                  
00003238  __TI_CINIT_Base                
00003248  __TI_CINIT_Limit               
00003224  __TI_Handler_Table_Base        
00003230  __TI_Handler_Table_Limit       
00002c59  __TI_auto_init_nobinit_nopinit 
00002e3d  __TI_cleanup                   
200007c8  __TI_cleanup_ptr               
00002491  __TI_closefile                 
00002645  __TI_decompress_lzss           
00003073  __TI_decompress_none           
00002aa9  __TI_doflush                   
200007cc  __TI_dtors_ptr                 
200007d0  __TI_enable_exit_profile_output
200007b8  __TI_ft_end                    
ffffffff  __TI_pprof_out_hndl            
000000e5  __TI_printfi                   
ffffffff  __TI_prof_data_size            
ffffffff  __TI_prof_data_start           
00002e71  __TI_readmsg                   
00000000  __TI_static_base__             
20000520  __TI_tmpnams                   
00002d5d  __TI_writemsg                  
000027dd  __TI_wrt_ok                    
0000304f  __TI_zero_init_nomemset        
00002291  __aeabi_cdcmpeq                
00002291  __aeabi_cdcmple                
00002317  __aeabi_cdrcmple               
00002b89  __aeabi_d2iz                   
0000160b  __aeabi_dadd                   
000018f5  __aeabi_ddiv                   
00001d71  __aeabi_dmul                   
00001601  __aeabi_dsub                   
00003091  __aeabi_errno_addr             
00002ed5  __aeabi_i2d                    
000017b7  __aeabi_idiv0                  
000017b7  __aeabi_ldiv0                  
0000239d  __aeabi_memclr                 
0000239d  __aeabi_memclr4                
0000239d  __aeabi_memclr8                
000020d3  __aeabi_memcpy                 
000020d3  __aeabi_memcpy4                
000020d3  __aeabi_memcpy8                
0000239f  __aeabi_memset                 
0000239f  __aeabi_memset4                
0000239f  __aeabi_memset8                
200007c4  __aeabi_stderr                 
200007bc  __aeabi_stdin                  
200007c0  __aeabi_stdout                 
0000216f  __aeabi_uldivmod               
ffffffff  __binit__                      
ffffffff  __c_args__                     
UNDEFED   __mpu_init                     
2000fe00  __stack                        
00002d95  _c_int00_noargs                
000030a8  _ctypes_                       
200006f0  _device                        
20000600  _ftable                        
200007e0  _lock                          
00000b43  _nop                           
20000768  _stream                        
20000000  _sys_memory                    
UNDEFED   _system_post_cinit             
000030a1  _system_pre_init               
200007e4  _unlock                        
000030a5  abort                          
00002af5  atoi                           
ffffffff  binit                          
000028a1  close                          
200005d8  cons                           
00003013  copysign                       
00003013  copysignl                      
200007e8  errno                          
00002b41  exit                           
00002ea5  finddevice                     
00002205  fputc                          
00001b4d  fputs                          
00001f49  free                           
00002715  frexp                          
00002715  frexpl                         
00002779  fseek                          
00002c9d  getdevice                      
00000000  interruptVectors               
00001c61  ldexp                          
00001c61  ldexpl                         
00002f31  lseek                          
00002a03  ltoa                           
00000b99  main                           
00002419  malloc                         
00002fc9  memccpy                        
00002fa9  memchr                         
000020d3  memcpy                         
000023a5  memset                         
00002dcd  minit                          
200005c0  parmbuf                        
200005dc  pos_corps                      
200005e0  pos_roue                       
200005e4  prev_pos_corps                 
200005e8  prev_pos_roue                  
200005ec  prev_tic_corps                 
200005f0  prev_tic_roue                  
000026ad  printf                         
00002205  putc                           
00002f05  remove                         
00001c61  scalbn                         
00001c61  scalbnl                        
00000b7f  setDIR                         
00000b45  setPWM                         
00001e6d  setvbuf                        
00002ffd  strchr                         
00002fe5  strcmp                         
00003027  strcpy                         
0000303b  strlen                         
00002e05  strncpy                        
200005fc  uMax                           
200005fe  uMin                           
00002f05  unlink                         
200005f4  vitesse_corps                  
200005f8  vitesse_roue                   
00003061  wcslen                         
00002f81  write                          


GLOBAL SYMBOLS: SORTED BY Symbol Address 

address   name                           
-------   ----                           
00000000  __TI_static_base__             
00000000  interruptVectors               
000000e5  __TI_printfi                   
00000200  __STACK_SIZE                   
00000400  __SYSMEM_SIZE                  
00000b43  _nop                           
00000b45  setPWM                         
00000b7f  setDIR                         
00000b99  main                           
00000cef  TA0_N_IRQHandler               
00000cef  TA0_N_IRQHandler               
00000d0d  TA0_0_IRQHandler               
00000d0d  TA0_0_IRQHandler               
00000d3b  PORT4_IRQHandler               
00000d3b  PORT4_IRQHandler               
00000e5d  PORT2_IRQHandler               
00000e5d  PORT2_IRQHandler               
00001251  SystemInit                     
000012a7  SystemCoreClockUpdate          
00001601  __aeabi_dsub                   
0000160b  __aeabi_dadd                   
000017b7  __aeabi_idiv0                  
000017b7  __aeabi_ldiv0                  
000018f5  __aeabi_ddiv                   
00001b4d  fputs                          
00001c61  ldexp                          
00001c61  ldexpl                         
00001c61  scalbn                         
00001c61  scalbnl                        
00001d71  __aeabi_dmul                   
00001e6d  setvbuf                        
00001f49  free                           
000020d3  __aeabi_memcpy                 
000020d3  __aeabi_memcpy4                
000020d3  __aeabi_memcpy8                
000020d3  memcpy                         
0000216f  __aeabi_uldivmod               
00002205  fputc                          
00002205  putc                           
00002291  __aeabi_cdcmpeq                
00002291  __aeabi_cdcmple                
00002317  __aeabi_cdrcmple               
0000239d  __aeabi_memclr                 
0000239d  __aeabi_memclr4                
0000239d  __aeabi_memclr8                
0000239f  __aeabi_memset                 
0000239f  __aeabi_memset4                
0000239f  __aeabi_memset8                
000023a5  memset                         
00002419  malloc                         
00002491  __TI_closefile                 
00002575  HOSTlseek                      
000025dd  HOSTrename                     
00002645  __TI_decompress_lzss           
000026ad  printf                         
00002715  frexp                          
00002715  frexpl                         
00002779  fseek                          
000027dd  __TI_wrt_ok                    
00002841  HOSTopen                       
000028a1  close                          
000028fd  HOSTread                       
00002955  HOSTwrite                      
00002a03  ltoa                           
00002aa9  __TI_doflush                   
00002af5  atoi                           
00002b41  exit                           
00002b89  __aeabi_d2iz                   
00002bd1  HOSTclose                      
00002c15  HOSTunlink                     
00002c59  __TI_auto_init_nobinit_nopinit 
00002c9d  getdevice                      
00002d5d  __TI_writemsg                  
00002d8b  C$$IO$$                        
00002d95  _c_int00_noargs                
00002dcd  minit                          
00002e05  strncpy                        
00002e3d  __TI_cleanup                   
00002e71  __TI_readmsg                   
00002ea5  finddevice                     
00002ed5  __aeabi_i2d                    
00002f05  remove                         
00002f05  unlink                         
00002f31  lseek                          
00002f81  write                          
00002fa9  memchr                         
00002fc9  memccpy                        
00002fe5  strcmp                         
00002ffd  strchr                         
00003013  copysign                       
00003013  copysignl                      
00003027  strcpy                         
0000303b  strlen                         
0000304f  __TI_zero_init_nomemset        
00003061  wcslen                         
00003073  __TI_decompress_none           
00003081  Reset_Handler                  
0000308d  ADC14_IRQHandler               
0000308d  AES256_IRQHandler              
0000308d  BusFault_Handler               
0000308d  COMP_E0_IRQHandler             
0000308d  COMP_E1_IRQHandler             
0000308d  CS_IRQHandler                  
0000308d  DMA_ERR_IRQHandler             
0000308d  DMA_INT0_IRQHandler            
0000308d  DMA_INT1_IRQHandler            
0000308d  DMA_INT2_IRQHandler            
0000308d  DMA_INT3_IRQHandler            
0000308d  DebugMon_Handler               
0000308d  Default_Handler                
0000308d  EUSCIA0_IRQHandler             
0000308d  EUSCIA1_IRQHandler             
0000308d  EUSCIA2_IRQHandler             
0000308d  EUSCIA3_IRQHandler             
0000308d  EUSCIB0_IRQHandler             
0000308d  EUSCIB1_IRQHandler             
0000308d  EUSCIB2_IRQHandler             
0000308d  EUSCIB3_IRQHandler             
0000308d  FLCTL_IRQHandler               
0000308d  FPU_IRQHandler                 
0000308d  HardFault_Handler              
0000308d  MemManage_Handler              
0000308d  NMI_Handler                    
0000308d  PCM_IRQHandler                 
0000308d  PORT1_IRQHandler               
0000308d  PORT3_IRQHandler               
0000308d  PORT5_IRQHandler               
0000308d  PORT6_IRQHandler               
0000308d  PSS_IRQHandler                 
0000308d  PendSV_Handler                 
0000308d  RTC_C_IRQHandler               
0000308d  SVC_Handler                    
0000308d  SysTick_Handler                
0000308d  T32_INT1_IRQHandler            
0000308d  T32_INT2_IRQHandler            
0000308d  T32_INTC_IRQHandler            
0000308d  TA1_0_IRQHandler               
0000308d  TA1_N_IRQHandler               
0000308d  TA2_0_IRQHandler               
0000308d  TA2_N_IRQHandler               
0000308d  TA3_0_IRQHandler               
0000308d  TA3_N_IRQHandler               
0000308d  UsageFault_Handler             
0000308d  WDT_A_IRQHandler               
00003091  __aeabi_errno_addr             
000030a1  _system_pre_init               
000030a5  C$$EXIT                        
000030a5  abort                          
000030a8  _ctypes_                       
00003224  __TI_Handler_Table_Base        
00003230  __TI_Handler_Table_Limit       
00003238  __TI_CINIT_Base                
00003248  __TI_CINIT_Limit               
20000000  _sys_memory                    
20000400  __CIOBUF_                      
20000520  __TI_tmpnams                   
200005c0  parmbuf                        
200005c8  K1                             
200005cc  K2                             
200005d0  K3                             
200005d4  Kc                             
200005d8  cons                           
200005dc  pos_corps                      
200005e0  pos_roue                       
200005e4  prev_pos_corps                 
200005e8  prev_pos_roue                  
200005ec  prev_tic_corps                 
200005f0  prev_tic_roue                  
200005f4  vitesse_corps                  
200005f8  vitesse_roue                   
200005fc  uMax                           
200005fe  uMin                           
20000600  _ftable                        
200006f0  _device                        
20000768  _stream                        
200007b8  __TI_ft_end                    
200007bc  __aeabi_stdin                  
200007c0  __aeabi_stdout                 
200007c4  __aeabi_stderr                 
200007c8  __TI_cleanup_ptr               
200007cc  __TI_dtors_ptr                 
200007d0  __TI_enable_exit_profile_output
200007e0  _lock                          
200007e4  _unlock                        
200007e8  errno                          
200007ec  SystemCoreClock                
2000fe00  __stack                        
20010000  __STACK_END                    
4000480c  WDTCTL_SYM                     
ffffffff  __TI_pprof_out_hndl            
ffffffff  __TI_prof_data_size            
ffffffff  __TI_prof_data_start           
ffffffff  __binit__                      
ffffffff  __c_args__                     
ffffffff  binit                          
UNDEFED   __mpu_init                     
UNDEFED   _system_post_cinit             

[197 symbols]
