<?xml version="1.0" encoding="ISO-8859-1" ?>
<link_info>
   <banner>TI ARM Linker PC v18.1.1.LTS</banner>
   <copyright>Copyright (c) 1996-2017 Texas Instruments Incorporated</copyright>
   <link_time>0x5ae1749c</link_time>
   <link_errors>0x0</link_errors>
   <output_file>Cubli_controller.out</output_file>
   <entry_point>
      <name>_c_int00_noargs</name>
      <address>0x2d95</address>
   </entry_point>
   <input_file_list>
      <input_file id="fl-2">
         <path>.\</path>
         <kind>object</kind>
         <file>main.obj</file>
         <name>main.obj</name>
      </input_file>
      <input_file id="fl-3">
         <path>.\</path>
         <kind>object</kind>
         <file>startup_msp432p401r_ccs.obj</file>
         <name>startup_msp432p401r_ccs.obj</name>
      </input_file>
      <input_file id="fl-4">
         <path>.\</path>
         <kind>object</kind>
         <file>system_msp432p401r.obj</file>
         <name>system_msp432p401r.obj</name>
      </input_file>
      <input_file id="fl-8">
         <kind>object</kind>
         <file>&lt;internal&gt;</file>
         <name>&lt;internal&gt;</name>
      </input_file>
      <input_file id="fl-be">
         <path>C:\ti\ccsv8\tools\compiler\ti-cgt-arm_18.1.1.LTS\lib\</path>
         <kind>archive</kind>
         <file>rtsv7M4_T_le_v4SPD16_eabi.lib</file>
         <name>fd_div_t2.asm.obj</name>
      </input_file>
      <input_file id="fl-bf">
         <path>C:\ti\ccsv8\tools\compiler\ti-cgt-arm_18.1.1.LTS\lib\</path>
         <kind>archive</kind>
         <file>rtsv7M4_T_le_v4SPD16_eabi.lib</file>
         <name>fd_mul_t2.asm.obj</name>
      </input_file>
      <input_file id="fl-c0">
         <path>C:\ti\ccsv8\tools\compiler\ti-cgt-arm_18.1.1.LTS\lib\</path>
         <kind>archive</kind>
         <file>rtsv7M4_T_le_v4SPD16_eabi.lib</file>
         <name>fd_toi_t2.asm.obj</name>
      </input_file>
      <input_file id="fl-c1">
         <path>C:\ti\ccsv8\tools\compiler\ti-cgt-arm_18.1.1.LTS\lib\</path>
         <kind>archive</kind>
         <file>rtsv7M4_T_le_v4SPD16_eabi.lib</file>
         <name>i_tofd_t2.asm.obj</name>
      </input_file>
      <input_file id="fl-c2">
         <path>C:\ti\ccsv8\tools\compiler\ti-cgt-arm_18.1.1.LTS\lib\</path>
         <kind>archive</kind>
         <file>rtsv7M4_T_le_v4SPD16_eabi.lib</file>
         <name>copy_zero_init.c.obj</name>
      </input_file>
      <input_file id="fl-c3">
         <path>C:\ti\ccsv8\tools\compiler\ti-cgt-arm_18.1.1.LTS\lib\</path>
         <kind>archive</kind>
         <file>rtsv7M4_T_le_v4SPD16_eabi.lib</file>
         <name>copy_decompress_none.c.obj</name>
      </input_file>
      <input_file id="fl-c4">
         <path>C:\ti\ccsv8\tools\compiler\ti-cgt-arm_18.1.1.LTS\lib\</path>
         <kind>archive</kind>
         <file>rtsv7M4_T_le_v4SPD16_eabi.lib</file>
         <name>copy_decompress_lzss.c.obj</name>
      </input_file>
      <input_file id="fl-c5">
         <path>C:\ti\ccsv8\tools\compiler\ti-cgt-arm_18.1.1.LTS\lib\</path>
         <kind>archive</kind>
         <file>rtsv7M4_T_le_v4SPD16_eabi.lib</file>
         <name>boot_cortex_m.c.obj</name>
      </input_file>
      <input_file id="fl-c6">
         <path>C:\ti\ccsv8\tools\compiler\ti-cgt-arm_18.1.1.LTS\lib\</path>
         <kind>archive</kind>
         <file>rtsv7M4_T_le_v4SPD16_eabi.lib</file>
         <name>exit.c.obj</name>
      </input_file>
      <input_file id="fl-c7">
         <path>C:\ti\ccsv8\tools\compiler\ti-cgt-arm_18.1.1.LTS\lib\</path>
         <kind>archive</kind>
         <file>rtsv7M4_T_le_v4SPD16_eabi.lib</file>
         <name>_lock.c.obj</name>
      </input_file>
      <input_file id="fl-c8">
         <path>C:\ti\ccsv8\tools\compiler\ti-cgt-arm_18.1.1.LTS\lib\</path>
         <kind>archive</kind>
         <file>rtsv7M4_T_le_v4SPD16_eabi.lib</file>
         <name>args_main.c.obj</name>
      </input_file>
      <input_file id="fl-c9">
         <path>C:\ti\ccsv8\tools\compiler\ti-cgt-arm_18.1.1.LTS\lib\</path>
         <kind>archive</kind>
         <file>rtsv7M4_T_le_v4SPD16_eabi.lib</file>
         <name>printf.c.obj</name>
      </input_file>
      <input_file id="fl-ca">
         <path>C:\ti\ccsv8\tools\compiler\ti-cgt-arm_18.1.1.LTS\lib\</path>
         <kind>archive</kind>
         <file>rtsv7M4_T_le_v4SPD16_eabi.lib</file>
         <name>memcpy_t2.asm.obj</name>
      </input_file>
      <input_file id="fl-cb">
         <path>C:\ti\ccsv8\tools\compiler\ti-cgt-arm_18.1.1.LTS\lib\</path>
         <kind>archive</kind>
         <file>rtsv7M4_T_le_v4SPD16_eabi.lib</file>
         <name>memset_t2.asm.obj</name>
      </input_file>
      <input_file id="fl-cc">
         <path>C:\ti\ccsv8\tools\compiler\ti-cgt-arm_18.1.1.LTS\lib\</path>
         <kind>archive</kind>
         <file>rtsv7M4_T_le_v4SPD16_eabi.lib</file>
         <name>autoinit.c.obj</name>
      </input_file>
      <input_file id="fl-cd">
         <path>C:\ti\ccsv8\tools\compiler\ti-cgt-arm_18.1.1.LTS\lib\</path>
         <kind>archive</kind>
         <file>rtsv7M4_T_le_v4SPD16_eabi.lib</file>
         <name>pre_init.c.obj</name>
      </input_file>
      <input_file id="fl-ce">
         <path>C:\ti\ccsv8\tools\compiler\ti-cgt-arm_18.1.1.LTS\lib\</path>
         <kind>archive</kind>
         <file>rtsv7M4_T_le_v4SPD16_eabi.lib</file>
         <name>cpy_tbl.c.obj</name>
      </input_file>
      <input_file id="fl-cf">
         <path>C:\ti\ccsv8\tools\compiler\ti-cgt-arm_18.1.1.LTS\lib\</path>
         <kind>archive</kind>
         <file>rtsv7M4_T_le_v4SPD16_eabi.lib</file>
         <name>_printfi.c.obj</name>
      </input_file>
      <input_file id="fl-d0">
         <path>C:\ti\ccsv8\tools\compiler\ti-cgt-arm_18.1.1.LTS\lib\</path>
         <kind>archive</kind>
         <file>rtsv7M4_T_le_v4SPD16_eabi.lib</file>
         <name>atoi.c.obj</name>
      </input_file>
      <input_file id="fl-d1">
         <path>C:\ti\ccsv8\tools\compiler\ti-cgt-arm_18.1.1.LTS\lib\</path>
         <kind>archive</kind>
         <file>rtsv7M4_T_le_v4SPD16_eabi.lib</file>
         <name>ctype.c.obj</name>
      </input_file>
      <input_file id="fl-d2">
         <path>C:\ti\ccsv8\tools\compiler\ti-cgt-arm_18.1.1.LTS\lib\</path>
         <kind>archive</kind>
         <file>rtsv7M4_T_le_v4SPD16_eabi.lib</file>
         <name>defs.c.obj</name>
      </input_file>
      <input_file id="fl-d3">
         <path>C:\ti\ccsv8\tools\compiler\ti-cgt-arm_18.1.1.LTS\lib\</path>
         <kind>archive</kind>
         <file>rtsv7M4_T_le_v4SPD16_eabi.lib</file>
         <name>fputc.c.obj</name>
      </input_file>
      <input_file id="fl-d4">
         <path>C:\ti\ccsv8\tools\compiler\ti-cgt-arm_18.1.1.LTS\lib\</path>
         <kind>archive</kind>
         <file>rtsv7M4_T_le_v4SPD16_eabi.lib</file>
         <name>fputs.c.obj</name>
      </input_file>
      <input_file id="fl-d5">
         <path>C:\ti\ccsv8\tools\compiler\ti-cgt-arm_18.1.1.LTS\lib\</path>
         <kind>archive</kind>
         <file>rtsv7M4_T_le_v4SPD16_eabi.lib</file>
         <name>ltoa.c.obj</name>
      </input_file>
      <input_file id="fl-d6">
         <path>C:\ti\ccsv8\tools\compiler\ti-cgt-arm_18.1.1.LTS\lib\</path>
         <kind>archive</kind>
         <file>rtsv7M4_T_le_v4SPD16_eabi.lib</file>
         <name>memccpy.c.obj</name>
      </input_file>
      <input_file id="fl-d7">
         <path>C:\ti\ccsv8\tools\compiler\ti-cgt-arm_18.1.1.LTS\lib\</path>
         <kind>archive</kind>
         <file>rtsv7M4_T_le_v4SPD16_eabi.lib</file>
         <name>memchr.c.obj</name>
      </input_file>
      <input_file id="fl-d8">
         <path>C:\ti\ccsv8\tools\compiler\ti-cgt-arm_18.1.1.LTS\lib\</path>
         <kind>archive</kind>
         <file>rtsv7M4_T_le_v4SPD16_eabi.lib</file>
         <name>strchr.c.obj</name>
      </input_file>
      <input_file id="fl-d9">
         <path>C:\ti\ccsv8\tools\compiler\ti-cgt-arm_18.1.1.LTS\lib\</path>
         <kind>archive</kind>
         <file>rtsv7M4_T_le_v4SPD16_eabi.lib</file>
         <name>strlen.c.obj</name>
      </input_file>
      <input_file id="fl-da">
         <path>C:\ti\ccsv8\tools\compiler\ti-cgt-arm_18.1.1.LTS\lib\</path>
         <kind>archive</kind>
         <file>rtsv7M4_T_le_v4SPD16_eabi.lib</file>
         <name>write.c.obj</name>
      </input_file>
      <input_file id="fl-db">
         <path>C:\ti\ccsv8\tools\compiler\ti-cgt-arm_18.1.1.LTS\lib\</path>
         <kind>archive</kind>
         <file>rtsv7M4_T_le_v4SPD16_eabi.lib</file>
         <name>s_frexp.c.obj</name>
      </input_file>
      <input_file id="fl-dc">
         <path>C:\ti\ccsv8\tools\compiler\ti-cgt-arm_18.1.1.LTS\lib\</path>
         <kind>archive</kind>
         <file>rtsv7M4_T_le_v4SPD16_eabi.lib</file>
         <name>s_scalbn.c.obj</name>
      </input_file>
      <input_file id="fl-dd">
         <path>C:\ti\ccsv8\tools\compiler\ti-cgt-arm_18.1.1.LTS\lib\</path>
         <kind>archive</kind>
         <file>rtsv7M4_T_le_v4SPD16_eabi.lib</file>
         <name>s_copysign.c.obj</name>
      </input_file>
      <input_file id="fl-de">
         <path>C:\ti\ccsv8\tools\compiler\ti-cgt-arm_18.1.1.LTS\lib\</path>
         <kind>archive</kind>
         <file>rtsv7M4_T_le_v4SPD16_eabi.lib</file>
         <name>wcslen.c.obj</name>
      </input_file>
      <input_file id="fl-df">
         <path>C:\ti\ccsv8\tools\compiler\ti-cgt-arm_18.1.1.LTS\lib\</path>
         <kind>archive</kind>
         <file>rtsv7M4_T_le_v4SPD16_eabi.lib</file>
         <name>fd_add_t2.asm.obj</name>
      </input_file>
      <input_file id="fl-e0">
         <path>C:\ti\ccsv8\tools\compiler\ti-cgt-arm_18.1.1.LTS\lib\</path>
         <kind>archive</kind>
         <file>rtsv7M4_T_le_v4SPD16_eabi.lib</file>
         <name>fd_cmp_t2.asm.obj</name>
      </input_file>
      <input_file id="fl-e1">
         <path>C:\ti\ccsv8\tools\compiler\ti-cgt-arm_18.1.1.LTS\lib\</path>
         <kind>archive</kind>
         <file>rtsv7M4_T_le_v4SPD16_eabi.lib</file>
         <name>ull_div_t2.asm.obj</name>
      </input_file>
      <input_file id="fl-e2">
         <path>C:\ti\ccsv8\tools\compiler\ti-cgt-arm_18.1.1.LTS\lib\</path>
         <kind>archive</kind>
         <file>rtsv7M4_T_le_v4SPD16_eabi.lib</file>
         <name>errno.c.obj</name>
      </input_file>
      <input_file id="fl-e3">
         <path>C:\ti\ccsv8\tools\compiler\ti-cgt-arm_18.1.1.LTS\lib\</path>
         <kind>archive</kind>
         <file>rtsv7M4_T_le_v4SPD16_eabi.lib</file>
         <name>_io_perm.c.obj</name>
      </input_file>
      <input_file id="fl-e4">
         <path>C:\ti\ccsv8\tools\compiler\ti-cgt-arm_18.1.1.LTS\lib\</path>
         <kind>archive</kind>
         <file>rtsv7M4_T_le_v4SPD16_eabi.lib</file>
         <name>fflush.c.obj</name>
      </input_file>
      <input_file id="fl-e5">
         <path>C:\ti\ccsv8\tools\compiler\ti-cgt-arm_18.1.1.LTS\lib\</path>
         <kind>archive</kind>
         <file>rtsv7M4_T_le_v4SPD16_eabi.lib</file>
         <name>fseek.c.obj</name>
      </input_file>
      <input_file id="fl-e6">
         <path>C:\ti\ccsv8\tools\compiler\ti-cgt-arm_18.1.1.LTS\lib\</path>
         <kind>archive</kind>
         <file>rtsv7M4_T_le_v4SPD16_eabi.lib</file>
         <name>lseek.c.obj</name>
      </input_file>
      <input_file id="fl-e7">
         <path>C:\ti\ccsv8\tools\compiler\ti-cgt-arm_18.1.1.LTS\lib\</path>
         <kind>archive</kind>
         <file>rtsv7M4_T_le_v4SPD16_eabi.lib</file>
         <name>setvbuf.c.obj</name>
      </input_file>
      <input_file id="fl-e8">
         <path>C:\ti\ccsv8\tools\compiler\ti-cgt-arm_18.1.1.LTS\lib\</path>
         <kind>archive</kind>
         <file>rtsv7M4_T_le_v4SPD16_eabi.lib</file>
         <name>hostclose.c.obj</name>
      </input_file>
      <input_file id="fl-e9">
         <path>C:\ti\ccsv8\tools\compiler\ti-cgt-arm_18.1.1.LTS\lib\</path>
         <kind>archive</kind>
         <file>rtsv7M4_T_le_v4SPD16_eabi.lib</file>
         <name>hostlseek.c.obj</name>
      </input_file>
      <input_file id="fl-ea">
         <path>C:\ti\ccsv8\tools\compiler\ti-cgt-arm_18.1.1.LTS\lib\</path>
         <kind>archive</kind>
         <file>rtsv7M4_T_le_v4SPD16_eabi.lib</file>
         <name>hostopen.c.obj</name>
      </input_file>
      <input_file id="fl-eb">
         <path>C:\ti\ccsv8\tools\compiler\ti-cgt-arm_18.1.1.LTS\lib\</path>
         <kind>archive</kind>
         <file>rtsv7M4_T_le_v4SPD16_eabi.lib</file>
         <name>hostread.c.obj</name>
      </input_file>
      <input_file id="fl-ec">
         <path>C:\ti\ccsv8\tools\compiler\ti-cgt-arm_18.1.1.LTS\lib\</path>
         <kind>archive</kind>
         <file>rtsv7M4_T_le_v4SPD16_eabi.lib</file>
         <name>hostrename.c.obj</name>
      </input_file>
      <input_file id="fl-ed">
         <path>C:\ti\ccsv8\tools\compiler\ti-cgt-arm_18.1.1.LTS\lib\</path>
         <kind>archive</kind>
         <file>rtsv7M4_T_le_v4SPD16_eabi.lib</file>
         <name>hostunlink.c.obj</name>
      </input_file>
      <input_file id="fl-ee">
         <path>C:\ti\ccsv8\tools\compiler\ti-cgt-arm_18.1.1.LTS\lib\</path>
         <kind>archive</kind>
         <file>rtsv7M4_T_le_v4SPD16_eabi.lib</file>
         <name>hostwrite.c.obj</name>
      </input_file>
      <input_file id="fl-ef">
         <path>C:\ti\ccsv8\tools\compiler\ti-cgt-arm_18.1.1.LTS\lib\</path>
         <kind>archive</kind>
         <file>rtsv7M4_T_le_v4SPD16_eabi.lib</file>
         <name>trgmsg.c.obj</name>
      </input_file>
      <input_file id="fl-f0">
         <path>C:\ti\ccsv8\tools\compiler\ti-cgt-arm_18.1.1.LTS\lib\</path>
         <kind>archive</kind>
         <file>rtsv7M4_T_le_v4SPD16_eabi.lib</file>
         <name>div0.asm.obj</name>
      </input_file>
      <input_file id="fl-f1">
         <path>C:\ti\ccsv8\tools\compiler\ti-cgt-arm_18.1.1.LTS\lib\</path>
         <kind>archive</kind>
         <file>rtsv7M4_T_le_v4SPD16_eabi.lib</file>
         <name>memory.c.obj</name>
      </input_file>
      <input_file id="fl-f2">
         <path>C:\ti\ccsv8\tools\compiler\ti-cgt-arm_18.1.1.LTS\lib\</path>
         <kind>archive</kind>
         <file>rtsv7M4_T_le_v4SPD16_eabi.lib</file>
         <name>fopen.c.obj</name>
      </input_file>
      <input_file id="fl-f3">
         <path>C:\ti\ccsv8\tools\compiler\ti-cgt-arm_18.1.1.LTS\lib\</path>
         <kind>archive</kind>
         <file>rtsv7M4_T_le_v4SPD16_eabi.lib</file>
         <name>open.c.obj</name>
      </input_file>
      <input_file id="fl-f4">
         <path>C:\ti\ccsv8\tools\compiler\ti-cgt-arm_18.1.1.LTS\lib\</path>
         <kind>archive</kind>
         <file>rtsv7M4_T_le_v4SPD16_eabi.lib</file>
         <name>strcpy.c.obj</name>
      </input_file>
      <input_file id="fl-f5">
         <path>C:\ti\ccsv8\tools\compiler\ti-cgt-arm_18.1.1.LTS\lib\</path>
         <kind>archive</kind>
         <file>rtsv7M4_T_le_v4SPD16_eabi.lib</file>
         <name>fclose.c.obj</name>
      </input_file>
      <input_file id="fl-f6">
         <path>C:\ti\ccsv8\tools\compiler\ti-cgt-arm_18.1.1.LTS\lib\</path>
         <kind>archive</kind>
         <file>rtsv7M4_T_le_v4SPD16_eabi.lib</file>
         <name>getdevice.c.obj</name>
      </input_file>
      <input_file id="fl-f7">
         <path>C:\ti\ccsv8\tools\compiler\ti-cgt-arm_18.1.1.LTS\lib\</path>
         <kind>archive</kind>
         <file>rtsv7M4_T_le_v4SPD16_eabi.lib</file>
         <name>remove.c.obj</name>
      </input_file>
      <input_file id="fl-f8">
         <path>C:\ti\ccsv8\tools\compiler\ti-cgt-arm_18.1.1.LTS\lib\</path>
         <kind>archive</kind>
         <file>rtsv7M4_T_le_v4SPD16_eabi.lib</file>
         <name>strcmp.c.obj</name>
      </input_file>
      <input_file id="fl-f9">
         <path>C:\ti\ccsv8\tools\compiler\ti-cgt-arm_18.1.1.LTS\lib\</path>
         <kind>archive</kind>
         <file>rtsv7M4_T_le_v4SPD16_eabi.lib</file>
         <name>strncpy.c.obj</name>
      </input_file>
      <input_file id="fl-fa">
         <path>C:\ti\ccsv8\tools\compiler\ti-cgt-arm_18.1.1.LTS\lib\</path>
         <kind>archive</kind>
         <file>rtsv7M4_T_le_v4SPD16_eabi.lib</file>
         <name>unlink.c.obj</name>
      </input_file>
      <input_file id="fl-fb">
         <path>C:\ti\ccsv8\tools\compiler\ti-cgt-arm_18.1.1.LTS\lib\</path>
         <kind>archive</kind>
         <file>rtsv7M4_T_le_v4SPD16_eabi.lib</file>
         <name>close.c.obj</name>
      </input_file>
   </input_file_list>
   <object_component_list>
      <object_component id="oc-23">
         <name>.intvecs:retain</name>
         <load_address>0x0</load_address>
         <run_address>0x0</run_address>
         <size>0xe4</size>
         <input_file_ref idref="fl-3"/>
      </object_component>
      <object_component id="oc-146">
         <name>.text:__TI_printfi</name>
         <load_address>0xe4</load_address>
         <run_address>0xe4</run_address>
         <size>0xa5e</size>
         <input_file_ref idref="fl-cf"/>
      </object_component>
      <object_component id="oc-1e6">
         <name>.text:_nop</name>
         <load_address>0xb42</load_address>
         <run_address>0xb42</run_address>
         <size>0x2</size>
         <input_file_ref idref="fl-c7"/>
      </object_component>
      <object_component id="oc-6d">
         <name>.text</name>
         <load_address>0xb44</load_address>
         <run_address>0xb44</run_address>
         <size>0x49c</size>
         <input_file_ref idref="fl-2"/>
      </object_component>
      <object_component id="oc-1c2">
         <name>.text:_pconv_a</name>
         <load_address>0xfe0</load_address>
         <run_address>0xfe0</run_address>
         <size>0x270</size>
         <input_file_ref idref="fl-cf"/>
      </object_component>
      <object_component id="oc-a9">
         <name>.text</name>
         <load_address>0x1250</load_address>
         <run_address>0x1250</run_address>
         <size>0x1e0</size>
         <input_file_ref idref="fl-4"/>
      </object_component>
      <object_component id="oc-1b0">
         <name>.text:_pconv_g</name>
         <load_address>0x1430</load_address>
         <run_address>0x1430</run_address>
         <size>0x1d0</size>
         <input_file_ref idref="fl-cf"/>
      </object_component>
      <object_component id="oc-23e">
         <name>.text</name>
         <load_address>0x1600</load_address>
         <run_address>0x1600</run_address>
         <size>0x1b6</size>
         <input_file_ref idref="fl-df"/>
      </object_component>
      <object_component id="oc-2c4">
         <name>.text</name>
         <load_address>0x17b6</load_address>
         <run_address>0x17b6</run_address>
         <size>0x2</size>
         <input_file_ref idref="fl-f0"/>
      </object_component>
      <object_component id="oc-1bc">
         <name>.text:_pconv_e</name>
         <load_address>0x17b8</load_address>
         <run_address>0x17b8</run_address>
         <size>0x13c</size>
         <input_file_ref idref="fl-cf"/>
      </object_component>
      <object_component id="oc-c0">
         <name>.text</name>
         <load_address>0x18f4</load_address>
         <run_address>0x18f4</run_address>
         <size>0x136</size>
         <input_file_ref idref="fl-be"/>
      </object_component>
      <object_component id="oc-250">
         <name>.text:fcvt</name>
         <load_address>0x1a2c</load_address>
         <run_address>0x1a2c</run_address>
         <size>0x120</size>
         <input_file_ref idref="fl-cf"/>
      </object_component>
      <object_component id="oc-1f4">
         <name>.text:fputs</name>
         <load_address>0x1b4c</load_address>
         <run_address>0x1b4c</run_address>
         <size>0x114</size>
         <input_file_ref idref="fl-d4"/>
      </object_component>
      <object_component id="oc-264">
         <name>.text:scalbn</name>
         <load_address>0x1c60</load_address>
         <run_address>0x1c60</run_address>
         <size>0x110</size>
         <input_file_ref idref="fl-dc"/>
      </object_component>
      <object_component id="oc-bb">
         <name>.text</name>
         <load_address>0x1d70</load_address>
         <run_address>0x1d70</run_address>
         <size>0xfc</size>
         <input_file_ref idref="fl-bf"/>
      </object_component>
      <object_component id="oc-2fb">
         <name>.text:setvbuf</name>
         <load_address>0x1e6c</load_address>
         <run_address>0x1e6c</run_address>
         <size>0xdc</size>
         <input_file_ref idref="fl-e7"/>
      </object_component>
      <object_component id="oc-329">
         <name>.text:free</name>
         <load_address>0x1f48</load_address>
         <run_address>0x1f48</run_address>
         <size>0xd8</size>
         <input_file_ref idref="fl-f1"/>
      </object_component>
      <object_component id="oc-1a5">
         <name>.text:_ltostr</name>
         <load_address>0x2020</load_address>
         <run_address>0x2020</run_address>
         <size>0xb1</size>
         <input_file_ref idref="fl-cf"/>
      </object_component>
      <object_component id="oc-37">
         <name>.text</name>
         <load_address>0x20d2</load_address>
         <run_address>0x20d2</run_address>
         <size>0x9c</size>
         <input_file_ref idref="fl-ca"/>
      </object_component>
      <object_component id="oc-22c">
         <name>.text</name>
         <load_address>0x216e</load_address>
         <run_address>0x216e</run_address>
         <size>0x96</size>
         <input_file_ref idref="fl-e1"/>
      </object_component>
      <object_component id="oc-1fb">
         <name>.text:fputc</name>
         <load_address>0x2204</load_address>
         <run_address>0x2204</run_address>
         <size>0x8c</size>
         <input_file_ref idref="fl-d3"/>
      </object_component>
      <object_component id="oc-1ab">
         <name>.text:__aeabi_cdcmple</name>
         <load_address>0x2290</load_address>
         <run_address>0x2290</run_address>
         <size>0x86</size>
         <input_file_ref idref="fl-e0"/>
      </object_component>
      <object_component id="oc-233">
         <name>.text:__aeabi_cdrcmple</name>
         <load_address>0x2316</load_address>
         <run_address>0x2316</run_address>
         <size>0x86</size>
         <input_file_ref idref="fl-e0"/>
      </object_component>
      <object_component id="oc-91">
         <name>.text</name>
         <load_address>0x239c</load_address>
         <run_address>0x239c</run_address>
         <size>0x7a</size>
         <input_file_ref idref="fl-cb"/>
      </object_component>
      <object_component id="oc-32f">
         <name>.text:malloc</name>
         <load_address>0x2418</load_address>
         <run_address>0x2418</run_address>
         <size>0x78</size>
         <input_file_ref idref="fl-f1"/>
      </object_component>
      <object_component id="oc-374">
         <name>.text:__TI_closefile</name>
         <load_address>0x2490</load_address>
         <run_address>0x2490</run_address>
         <size>0x74</size>
         <input_file_ref idref="fl-f5"/>
      </object_component>
      <object_component id="oc-249">
         <name>.text:_mcpy</name>
         <load_address>0x2504</load_address>
         <run_address>0x2504</run_address>
         <size>0x6e</size>
         <input_file_ref idref="fl-cf"/>
      </object_component>
      <object_component id="oc-398">
         <name>.text:HOSTlseek</name>
         <load_address>0x2574</load_address>
         <run_address>0x2574</run_address>
         <size>0x68</size>
         <input_file_ref idref="fl-e9"/>
      </object_component>
      <object_component id="oc-3a4">
         <name>.text:HOSTrename</name>
         <load_address>0x25dc</load_address>
         <run_address>0x25dc</run_address>
         <size>0x68</size>
         <input_file_ref idref="fl-ec"/>
      </object_component>
      <object_component id="oc-14">
         <name>.text:decompress:lzss:__TI_decompress_lzss</name>
         <load_address>0x2644</load_address>
         <run_address>0x2644</run_address>
         <size>0x68</size>
         <input_file_ref idref="fl-c4"/>
      </object_component>
      <object_component id="oc-b0">
         <name>.text:printf</name>
         <load_address>0x26ac</load_address>
         <run_address>0x26ac</run_address>
         <size>0x68</size>
         <input_file_ref idref="fl-c9"/>
      </object_component>
      <object_component id="oc-25e">
         <name>.text:frexp</name>
         <load_address>0x2714</load_address>
         <run_address>0x2714</run_address>
         <size>0x64</size>
         <input_file_ref idref="fl-db"/>
      </object_component>
      <object_component id="oc-2f5">
         <name>.text:fseek</name>
         <load_address>0x2778</load_address>
         <run_address>0x2778</run_address>
         <size>0x64</size>
         <input_file_ref idref="fl-e5"/>
      </object_component>
      <object_component id="oc-295">
         <name>.text:__TI_wrt_ok</name>
         <load_address>0x27dc</load_address>
         <run_address>0x27dc</run_address>
         <size>0x62</size>
         <input_file_ref idref="fl-e3"/>
      </object_component>
      <object_component id="oc-380">
         <name>.text:HOSTopen</name>
         <load_address>0x2840</load_address>
         <run_address>0x2840</run_address>
         <size>0x60</size>
         <input_file_ref idref="fl-ea"/>
      </object_component>
      <object_component id="oc-3b3">
         <name>.text:close</name>
         <load_address>0x28a0</load_address>
         <run_address>0x28a0</run_address>
         <size>0x5c</size>
         <input_file_ref idref="fl-fb"/>
      </object_component>
      <object_component id="oc-38c">
         <name>.text:HOSTread</name>
         <load_address>0x28fc</load_address>
         <run_address>0x28fc</run_address>
         <size>0x58</size>
         <input_file_ref idref="fl-eb"/>
      </object_component>
      <object_component id="oc-392">
         <name>.text:HOSTwrite</name>
         <load_address>0x2954</load_address>
         <run_address>0x2954</run_address>
         <size>0x58</size>
         <input_file_ref idref="fl-ee"/>
      </object_component>
      <object_component id="oc-1b6">
         <name>.text:_pconv_f</name>
         <load_address>0x29ac</load_address>
         <run_address>0x29ac</run_address>
         <size>0x56</size>
         <input_file_ref idref="fl-cf"/>
      </object_component>
      <object_component id="oc-238">
         <name>.text:ltoa</name>
         <load_address>0x2a02</load_address>
         <run_address>0x2a02</run_address>
         <size>0x54</size>
         <input_file_ref idref="fl-d5"/>
      </object_component>
      <object_component id="oc-243">
         <name>.text:_ecpy</name>
         <load_address>0x2a56</load_address>
         <run_address>0x2a56</run_address>
         <size>0x52</size>
         <input_file_ref idref="fl-cf"/>
      </object_component>
      <object_component id="oc-2a1">
         <name>.text:__TI_doflush</name>
         <load_address>0x2aa8</load_address>
         <run_address>0x2aa8</run_address>
         <size>0x4c</size>
         <input_file_ref idref="fl-e4"/>
      </object_component>
      <object_component id="oc-19f">
         <name>.text:atoi</name>
         <load_address>0x2af4</load_address>
         <run_address>0x2af4</run_address>
         <size>0x4c</size>
         <input_file_ref idref="fl-d0"/>
      </object_component>
      <object_component id="oc-10a">
         <name>.text:exit</name>
         <load_address>0x2b40</load_address>
         <run_address>0x2b40</run_address>
         <size>0x48</size>
         <input_file_ref idref="fl-c6"/>
      </object_component>
      <object_component id="oc-c5">
         <name>.text</name>
         <load_address>0x2b88</load_address>
         <run_address>0x2b88</run_address>
         <size>0x48</size>
         <input_file_ref idref="fl-c0"/>
      </object_component>
      <object_component id="oc-386">
         <name>.text:HOSTclose</name>
         <load_address>0x2bd0</load_address>
         <run_address>0x2bd0</run_address>
         <size>0x44</size>
         <input_file_ref idref="fl-e8"/>
      </object_component>
      <object_component id="oc-39e">
         <name>.text:HOSTunlink</name>
         <load_address>0x2c14</load_address>
         <run_address>0x2c14</run_address>
         <size>0x44</size>
         <input_file_ref idref="fl-ed"/>
      </object_component>
      <object_component id="oc-110">
         <name>.text:__TI_auto_init_nobinit_nopinit:__TI_auto_init_nobinit_nopinit</name>
         <load_address>0x2c58</load_address>
         <run_address>0x2c58</run_address>
         <size>0x44</size>
         <input_file_ref idref="fl-cc"/>
      </object_component>
      <object_component id="oc-3e8">
         <name>.text:getdevice</name>
         <load_address>0x2c9c</load_address>
         <run_address>0x2c9c</run_address>
         <size>0x44</size>
         <input_file_ref idref="fl-f6"/>
      </object_component>
      <object_component id="oc-256">
         <name>.text:_fcpy</name>
         <load_address>0x2ce0</load_address>
         <run_address>0x2ce0</run_address>
         <size>0x3e</size>
         <input_file_ref idref="fl-cf"/>
      </object_component>
      <object_component id="oc-369">
         <name>.text:minsert</name>
         <load_address>0x2d20</load_address>
         <run_address>0x2d20</run_address>
         <size>0x3c</size>
         <input_file_ref idref="fl-f1"/>
      </object_component>
      <object_component id="oc-3c4">
         <name>.text:__TI_writemsg</name>
         <load_address>0x2d5c</load_address>
         <run_address>0x2d5c</run_address>
         <size>0x38</size>
         <input_file_ref idref="fl-ef"/>
      </object_component>
      <object_component id="oc-55">
         <name>.text:_c_int00_noargs:_c_int00_noargs</name>
         <load_address>0x2d94</load_address>
         <run_address>0x2d94</run_address>
         <size>0x38</size>
         <input_file_ref idref="fl-c5"/>
      </object_component>
      <object_component id="oc-35d">
         <name>.text:minit</name>
         <load_address>0x2dcc</load_address>
         <run_address>0x2dcc</run_address>
         <size>0x38</size>
         <input_file_ref idref="fl-f1"/>
      </object_component>
      <object_component id="oc-40a">
         <name>.text:strncpy</name>
         <load_address>0x2e04</load_address>
         <run_address>0x2e04</run_address>
         <size>0x36</size>
         <input_file_ref idref="fl-f9"/>
      </object_component>
      <object_component id="oc-335">
         <name>.text:__TI_cleanup</name>
         <load_address>0x2e3c</load_address>
         <run_address>0x2e3c</run_address>
         <size>0x34</size>
         <input_file_ref idref="fl-f2"/>
      </object_component>
      <object_component id="oc-3ca">
         <name>.text:__TI_readmsg</name>
         <load_address>0x2e70</load_address>
         <run_address>0x2e70</run_address>
         <size>0x34</size>
         <input_file_ref idref="fl-ef"/>
      </object_component>
      <object_component id="oc-410">
         <name>.text:finddevice</name>
         <load_address>0x2ea4</load_address>
         <run_address>0x2ea4</run_address>
         <size>0x30</size>
         <input_file_ref idref="fl-f6"/>
      </object_component>
      <object_component id="oc-b6">
         <name>.text</name>
         <load_address>0x2ed4</load_address>
         <run_address>0x2ed4</run_address>
         <size>0x2e</size>
         <input_file_ref idref="fl-c1"/>
      </object_component>
      <object_component id="oc-3b9">
         <name>.text:unlink</name>
         <load_address>0x2f04</load_address>
         <run_address>0x2f04</run_address>
         <size>0x2c</size>
         <input_file_ref idref="fl-fa"/>
      </object_component>
      <object_component id="oc-321">
         <name>.text:lseek</name>
         <load_address>0x2f30</load_address>
         <run_address>0x2f30</run_address>
         <size>0x28</size>
         <input_file_ref idref="fl-e6"/>
      </object_component>
      <object_component id="oc-363">
         <name>.text:mremove</name>
         <load_address>0x2f58</load_address>
         <run_address>0x2f58</run_address>
         <size>0x28</size>
         <input_file_ref idref="fl-f1"/>
      </object_component>
      <object_component id="oc-2a7">
         <name>.text:write</name>
         <load_address>0x2f80</load_address>
         <run_address>0x2f80</run_address>
         <size>0x28</size>
         <input_file_ref idref="fl-da"/>
      </object_component>
      <object_component id="oc-29b">
         <name>.text:memchr</name>
         <load_address>0x2fa8</load_address>
         <run_address>0x2fa8</run_address>
         <size>0x20</size>
         <input_file_ref idref="fl-d7"/>
      </object_component>
      <object_component id="oc-1c8">
         <name>.text:memccpy</name>
         <load_address>0x2fc8</load_address>
         <run_address>0x2fc8</run_address>
         <size>0x1c</size>
         <input_file_ref idref="fl-d6"/>
      </object_component>
      <object_component id="oc-427">
         <name>.text:strcmp</name>
         <load_address>0x2fe4</load_address>
         <run_address>0x2fe4</run_address>
         <size>0x18</size>
         <input_file_ref idref="fl-f8"/>
      </object_component>
      <object_component id="oc-26a">
         <name>.text:strchr</name>
         <load_address>0x2ffc</load_address>
         <run_address>0x2ffc</run_address>
         <size>0x16</size>
         <input_file_ref idref="fl-d8"/>
      </object_component>
      <object_component id="oc-2d9">
         <name>.text:copysign</name>
         <load_address>0x3012</load_address>
         <run_address>0x3012</run_address>
         <size>0x14</size>
         <input_file_ref idref="fl-dd"/>
      </object_component>
      <object_component id="oc-3de">
         <name>.text:strcpy</name>
         <load_address>0x3026</load_address>
         <run_address>0x3026</run_address>
         <size>0x14</size>
         <input_file_ref idref="fl-f4"/>
      </object_component>
      <object_component id="oc-199">
         <name>.text:strlen</name>
         <load_address>0x303a</load_address>
         <run_address>0x303a</run_address>
         <size>0x14</size>
         <input_file_ref idref="fl-d9"/>
      </object_component>
      <object_component id="oc-43">
         <name>.text:decompress:ZI:__TI_zero_init_nomemset:__TI_zero_init_nomemset</name>
         <load_address>0x304e</load_address>
         <run_address>0x304e</run_address>
         <size>0x12</size>
         <input_file_ref idref="fl-c2"/>
      </object_component>
      <object_component id="oc-1ce">
         <name>.text:wcslen</name>
         <load_address>0x3060</load_address>
         <run_address>0x3060</run_address>
         <size>0x12</size>
         <input_file_ref idref="fl-de"/>
      </object_component>
      <object_component id="oc-1a">
         <name>.text:decompress:none:__TI_decompress_none</name>
         <load_address>0x3072</load_address>
         <run_address>0x3072</run_address>
         <size>0xe</size>
         <input_file_ref idref="fl-c3"/>
      </object_component>
      <object_component id="oc-67">
         <name>.text</name>
         <load_address>0x3080</load_address>
         <run_address>0x3080</run_address>
         <size>0xe</size>
         <input_file_ref idref="fl-3"/>
      </object_component>
      <object_component id="oc-1d4">
         <name>.text:__aeabi_errno_addr</name>
         <load_address>0x3090</load_address>
         <run_address>0x3090</run_address>
         <size>0x8</size>
         <input_file_ref idref="fl-e2"/>
      </object_component>
      <object_component id="oc-158">
         <name>.text:_outc</name>
         <load_address>0x3098</load_address>
         <run_address>0x3098</run_address>
         <size>0x4</size>
         <input_file_ref idref="fl-c9"/>
      </object_component>
      <object_component id="oc-152">
         <name>.text:_outs</name>
         <load_address>0x309c</load_address>
         <run_address>0x309c</run_address>
         <size>0x4</size>
         <input_file_ref idref="fl-c9"/>
      </object_component>
      <object_component id="oc-97">
         <name>.text:_system_pre_init</name>
         <load_address>0x30a0</load_address>
         <run_address>0x30a0</run_address>
         <size>0x4</size>
         <input_file_ref idref="fl-cd"/>
      </object_component>
      <object_component id="oc-104">
         <name>.text:abort:abort</name>
         <load_address>0x30a4</load_address>
         <run_address>0x30a4</run_address>
         <size>0x4</size>
         <input_file_ref idref="fl-c6"/>
      </object_component>
      <object_component id="oc-227">
         <name>.const:.string:_ctypes_</name>
         <load_address>0x30a8</load_address>
         <run_address>0x30a8</run_address>
         <size>0x101</size>
         <input_file_ref idref="fl-d1"/>
      </object_component>
      <object_component id="oc-465">
         <name>.cinit..data.load</name>
         <load_address>0x31b0</load_address>
         <run_address>0x31b0</run_address>
         <size>0x73</size>
      </object_component>
      <object_component id="oc-463">
         <name>__TI_handler_table</name>
         <load_address>0x3224</load_address>
         <run_address>0x3224</run_address>
         <size>0xc</size>
      </object_component>
      <object_component id="oc-466">
         <name>.cinit..bss.load</name>
         <load_address>0x3230</load_address>
         <run_address>0x3230</run_address>
         <size>0x8</size>
      </object_component>
      <object_component id="oc-464">
         <name>__TI_cinit_table</name>
         <load_address>0x3238</load_address>
         <run_address>0x3238</run_address>
         <size>0x10</size>
      </object_component>
      <object_component id="oc-438">
         <name>.binit</name>
         <load_address>0x0</load_address>
         <run_address>0x0</run_address>
         <size>0x0</size>
      </object_component>
      <object_component id="oc-142">
         <name>.data</name>
         <load_address>0x200007ec</load_address>
         <run_address>0x200007ec</run_address>
         <size>0x4</size>
         <input_file_ref idref="fl-4"/>
      </object_component>
      <object_component id="oc-17b">
         <name>.data:$O1$$</name>
         <load_address>0x200007c8</load_address>
         <run_address>0x200007c8</run_address>
         <size>0xc</size>
         <input_file_ref idref="fl-c6"/>
      </object_component>
      <object_component id="oc-14c">
         <name>.data:$O1$$</name>
         <load_address>0x200007e0</load_address>
         <run_address>0x200007e0</run_address>
         <size>0x8</size>
         <input_file_ref idref="fl-c7"/>
      </object_component>
      <object_component id="oc-14f">
         <name>.data:_ftable</name>
         <load_address>0x20000600</load_address>
         <run_address>0x20000600</run_address>
         <size>0xf0</size>
         <input_file_ref idref="fl-d2"/>
      </object_component>
      <object_component id="oc-37a">
         <name>.data</name>
         <load_address>0x200007b8</load_address>
         <run_address>0x200007b8</run_address>
         <size>0x10</size>
         <input_file_ref idref="fl-d2"/>
      </object_component>
      <object_component id="oc-348">
         <name>.data:_device</name>
         <load_address>0x200006f0</load_address>
         <run_address>0x200006f0</run_address>
         <size>0x78</size>
         <input_file_ref idref="fl-da"/>
      </object_component>
      <object_component id="oc-307">
         <name>.data:_stream</name>
         <load_address>0x20000768</load_address>
         <run_address>0x20000768</run_address>
         <size>0x50</size>
         <input_file_ref idref="fl-da"/>
      </object_component>
      <object_component id="oc-27a">
         <name>.data</name>
         <load_address>0x200007e8</load_address>
         <run_address>0x200007e8</run_address>
         <size>0x4</size>
         <input_file_ref idref="fl-e2"/>
      </object_component>
      <object_component id="oc-36f">
         <name>.data:$O1$$</name>
         <load_address>0x200007d4</load_address>
         <run_address>0x200007d4</run_address>
         <size>0xc</size>
         <input_file_ref idref="fl-f1"/>
      </object_component>
      <object_component id="oc-3f2">
         <name>.bss:_CIOBUF_</name>
         <uninitialized>true</uninitialized>
         <run_address>0x20000400</run_address>
         <size>0x120</size>
         <input_file_ref idref="fl-ef"/>
      </object_component>
      <object_component id="oc-ce">
         <name>.common:pos_corps</name>
         <uninitialized>true</uninitialized>
         <run_address>0x200005dc</run_address>
         <size>0x4</size>
      </object_component>
      <object_component id="oc-da">
         <name>.common:vitesse_corps</name>
         <uninitialized>true</uninitialized>
         <run_address>0x200005f4</run_address>
         <size>0x4</size>
      </object_component>
      <object_component id="oc-cf">
         <name>.common:prev_tic_corps</name>
         <uninitialized>true</uninitialized>
         <run_address>0x200005ec</run_address>
         <size>0x4</size>
      </object_component>
      <object_component id="oc-d0">
         <name>.common:prev_pos_corps</name>
         <uninitialized>true</uninitialized>
         <run_address>0x200005e4</run_address>
         <size>0x4</size>
      </object_component>
      <object_component id="oc-d1">
         <name>.common:pos_roue</name>
         <uninitialized>true</uninitialized>
         <run_address>0x200005e0</run_address>
         <size>0x4</size>
      </object_component>
      <object_component id="oc-d2">
         <name>.common:prev_tic_roue</name>
         <uninitialized>true</uninitialized>
         <run_address>0x200005f0</run_address>
         <size>0x4</size>
      </object_component>
      <object_component id="oc-d3">
         <name>.common:prev_pos_roue</name>
         <uninitialized>true</uninitialized>
         <run_address>0x200005e8</run_address>
         <size>0x4</size>
      </object_component>
      <object_component id="oc-d9">
         <name>.common:vitesse_roue</name>
         <uninitialized>true</uninitialized>
         <run_address>0x200005f8</run_address>
         <size>0x4</size>
      </object_component>
      <object_component id="oc-d4">
         <name>.common:K1</name>
         <uninitialized>true</uninitialized>
         <run_address>0x200005c8</run_address>
         <size>0x4</size>
      </object_component>
      <object_component id="oc-d5">
         <name>.common:K2</name>
         <uninitialized>true</uninitialized>
         <run_address>0x200005cc</run_address>
         <size>0x4</size>
      </object_component>
      <object_component id="oc-d6">
         <name>.common:K3</name>
         <uninitialized>true</uninitialized>
         <run_address>0x200005d0</run_address>
         <size>0x4</size>
      </object_component>
      <object_component id="oc-d7">
         <name>.common:Kc</name>
         <uninitialized>true</uninitialized>
         <run_address>0x200005d4</run_address>
         <size>0x4</size>
      </object_component>
      <object_component id="oc-d8">
         <name>.common:cons</name>
         <uninitialized>true</uninitialized>
         <run_address>0x200005d8</run_address>
         <size>0x4</size>
      </object_component>
      <object_component id="oc-ca">
         <name>.common:uMax</name>
         <uninitialized>true</uninitialized>
         <run_address>0x200005fc</run_address>
         <size>0x2</size>
      </object_component>
      <object_component id="oc-cd">
         <name>.common:uMin</name>
         <uninitialized>true</uninitialized>
         <run_address>0x200005fe</run_address>
         <size>0x2</size>
      </object_component>
      <object_component id="oc-3bf">
         <name>.common:__TI_tmpnams</name>
         <uninitialized>true</uninitialized>
         <run_address>0x20000520</run_address>
         <size>0xa0</size>
      </object_component>
      <object_component id="oc-3d0">
         <name>.common:parmbuf</name>
         <uninitialized>true</uninitialized>
         <run_address>0x200005c0</run_address>
         <size>0x8</size>
      </object_component>
      <object_component id="oc-29">
         <name>.sysmem</name>
         <uninitialized>true</uninitialized>
         <run_address>0x20000000</run_address>
         <size>0x8</size>
         <input_file_ref idref="fl-f1"/>
      </object_component>
      <object_component id="oc-468">
         <name>.sysmem</name>
         <uninitialized>true</uninitialized>
         <run_address>0x20000000</run_address>
         <size>0x0</size>
      </object_component>
      <object_component id="oc-26">
         <name>.stack</name>
         <uninitialized>true</uninitialized>
         <run_address>0x2000fe00</run_address>
         <size>0x4</size>
         <input_file_ref idref="fl-c5"/>
      </object_component>
      <object_component id="oc-467">
         <name>.stack</name>
         <uninitialized>true</uninitialized>
         <run_address>0x2000fe00</run_address>
         <size>0x0</size>
      </object_component>
      <object_component id="oc-cb">
         <name>.debug_info</name>
         <load_address>0x0</load_address>
         <run_address>0x0</run_address>
         <size>0x7d2</size>
         <input_file_ref idref="fl-2"/>
      </object_component>
      <object_component id="oc-6e">
         <name>.debug_info</name>
         <load_address>0x7d2</load_address>
         <run_address>0x7d2</run_address>
         <size>0x4d3</size>
         <input_file_ref idref="fl-2"/>
      </object_component>
      <object_component id="oc-170">
         <name>.debug_info</name>
         <load_address>0xca5</load_address>
         <run_address>0xca5</run_address>
         <size>0x1055</size>
         <input_file_ref idref="fl-2"/>
      </object_component>
      <object_component id="oc-16b">
         <name>.debug_info</name>
         <load_address>0x1cfa</load_address>
         <run_address>0x1cfa</run_address>
         <size>0x37e2</size>
         <input_file_ref idref="fl-2"/>
      </object_component>
      <object_component id="oc-e3">
         <name>.debug_info</name>
         <load_address>0x54dc</load_address>
         <run_address>0x54dc</run_address>
         <size>0x26b</size>
         <input_file_ref idref="fl-2"/>
      </object_component>
      <object_component id="oc-32">
         <name>.debug_info</name>
         <load_address>0x5747</load_address>
         <run_address>0x5747</run_address>
         <size>0x84</size>
         <input_file_ref idref="fl-2"/>
      </object_component>
      <object_component id="oc-175">
         <name>.debug_info</name>
         <load_address>0x57cb</load_address>
         <run_address>0x57cb</run_address>
         <size>0x297</size>
         <input_file_ref idref="fl-2"/>
      </object_component>
      <object_component id="oc-dc">
         <name>.debug_info</name>
         <load_address>0x5a62</load_address>
         <run_address>0x5a62</run_address>
         <size>0xbb</size>
         <input_file_ref idref="fl-2"/>
      </object_component>
      <object_component id="oc-75">
         <name>.debug_info</name>
         <load_address>0x5b1d</load_address>
         <run_address>0x5b1d</run_address>
         <size>0x2db</size>
         <input_file_ref idref="fl-3"/>
      </object_component>
      <object_component id="oc-24">
         <name>.debug_info</name>
         <load_address>0x5df8</load_address>
         <run_address>0x5df8</run_address>
         <size>0x107</size>
         <input_file_ref idref="fl-3"/>
      </object_component>
      <object_component id="oc-68">
         <name>.debug_info</name>
         <load_address>0x5eff</load_address>
         <run_address>0x5eff</run_address>
         <size>0x1ce</size>
         <input_file_ref idref="fl-3"/>
      </object_component>
      <object_component id="oc-143">
         <name>.debug_info</name>
         <load_address>0x60cd</load_address>
         <run_address>0x60cd</run_address>
         <size>0x100</size>
         <input_file_ref idref="fl-4"/>
      </object_component>
      <object_component id="oc-aa">
         <name>.debug_info</name>
         <load_address>0x61cd</load_address>
         <run_address>0x61cd</run_address>
         <size>0x26c</size>
         <input_file_ref idref="fl-4"/>
      </object_component>
      <object_component id="oc-c3">
         <name>.debug_info</name>
         <load_address>0x6439</load_address>
         <run_address>0x6439</run_address>
         <size>0x132</size>
         <input_file_ref idref="fl-be"/>
      </object_component>
      <object_component id="oc-bd">
         <name>.debug_info</name>
         <load_address>0x656b</load_address>
         <run_address>0x656b</run_address>
         <size>0x132</size>
         <input_file_ref idref="fl-bf"/>
      </object_component>
      <object_component id="oc-c7">
         <name>.debug_info</name>
         <load_address>0x669d</load_address>
         <run_address>0x669d</run_address>
         <size>0x126</size>
         <input_file_ref idref="fl-c0"/>
      </object_component>
      <object_component id="oc-b9">
         <name>.debug_info</name>
         <load_address>0x67c3</load_address>
         <run_address>0x67c3</run_address>
         <size>0x124</size>
         <input_file_ref idref="fl-c1"/>
      </object_component>
      <object_component id="oc-90">
         <name>.debug_info</name>
         <load_address>0x68e7</load_address>
         <run_address>0x68e7</run_address>
         <size>0x313</size>
         <input_file_ref idref="fl-c2"/>
      </object_component>
      <object_component id="oc-44">
         <name>.debug_info</name>
         <load_address>0x6bfa</load_address>
         <run_address>0x6bfa</run_address>
         <size>0x1b4</size>
         <input_file_ref idref="fl-c2"/>
      </object_component>
      <object_component id="oc-8b">
         <name>.debug_info</name>
         <load_address>0x6dae</load_address>
         <run_address>0x6dae</run_address>
         <size>0x46</size>
         <input_file_ref idref="fl-c2"/>
      </object_component>
      <object_component id="oc-fb">
         <name>.debug_info</name>
         <load_address>0x6df4</load_address>
         <run_address>0x6df4</run_address>
         <size>0x2c</size>
         <input_file_ref idref="fl-c2"/>
      </object_component>
      <object_component id="oc-42">
         <name>.debug_info</name>
         <load_address>0x6e20</load_address>
         <run_address>0x6e20</run_address>
         <size>0x29d</size>
         <input_file_ref idref="fl-c3"/>
      </object_component>
      <object_component id="oc-1b">
         <name>.debug_info</name>
         <load_address>0x70bd</load_address>
         <run_address>0x70bd</run_address>
         <size>0x1df</size>
         <input_file_ref idref="fl-c3"/>
      </object_component>
      <object_component id="oc-3d">
         <name>.debug_info</name>
         <load_address>0x729c</load_address>
         <run_address>0x729c</run_address>
         <size>0x46</size>
         <input_file_ref idref="fl-c3"/>
      </object_component>
      <object_component id="oc-83">
         <name>.debug_info</name>
         <load_address>0x72e2</load_address>
         <run_address>0x72e2</run_address>
         <size>0x2c</size>
         <input_file_ref idref="fl-c3"/>
      </object_component>
      <object_component id="oc-81">
         <name>.debug_info</name>
         <load_address>0x730e</load_address>
         <run_address>0x730e</run_address>
         <size>0x293</size>
         <input_file_ref idref="fl-c4"/>
      </object_component>
      <object_component id="oc-16">
         <name>.debug_info</name>
         <load_address>0x75a1</load_address>
         <run_address>0x75a1</run_address>
         <size>0x245</size>
         <input_file_ref idref="fl-c4"/>
      </object_component>
      <object_component id="oc-2d">
         <name>.debug_info</name>
         <load_address>0x77e6</load_address>
         <run_address>0x77e6</run_address>
         <size>0x60</size>
         <input_file_ref idref="fl-c4"/>
      </object_component>
      <object_component id="oc-f4">
         <name>.debug_info</name>
         <load_address>0x7846</load_address>
         <run_address>0x7846</run_address>
         <size>0x46</size>
         <input_file_ref idref="fl-c4"/>
      </object_component>
      <object_component id="oc-7c">
         <name>.debug_info</name>
         <load_address>0x788c</load_address>
         <run_address>0x788c</run_address>
         <size>0x39</size>
         <input_file_ref idref="fl-c4"/>
      </object_component>
      <object_component id="oc-27">
         <name>.debug_info</name>
         <load_address>0x78c5</load_address>
         <run_address>0x78c5</run_address>
         <size>0x100</size>
         <input_file_ref idref="fl-c5"/>
      </object_component>
      <object_component id="oc-56">
         <name>.debug_info</name>
         <load_address>0x79c5</load_address>
         <run_address>0x79c5</run_address>
         <size>0x1a4</size>
         <input_file_ref idref="fl-c5"/>
      </object_component>
      <object_component id="oc-17f">
         <name>.debug_info</name>
         <load_address>0x7b69</load_address>
         <run_address>0x7b69</run_address>
         <size>0x3a2</size>
         <input_file_ref idref="fl-c6"/>
      </object_component>
      <object_component id="oc-17c">
         <name>.debug_info</name>
         <load_address>0x7f0b</load_address>
         <run_address>0x7f0b</run_address>
         <size>0x185</size>
         <input_file_ref idref="fl-c6"/>
      </object_component>
      <object_component id="oc-105">
         <name>.debug_info</name>
         <load_address>0x8090</load_address>
         <run_address>0x8090</run_address>
         <size>0x117</size>
         <input_file_ref idref="fl-c6"/>
      </object_component>
      <object_component id="oc-10e">
         <name>.debug_info</name>
         <load_address>0x81a7</load_address>
         <run_address>0x81a7</run_address>
         <size>0x179</size>
         <input_file_ref idref="fl-c6"/>
      </object_component>
      <object_component id="oc-1ee">
         <name>.debug_info</name>
         <load_address>0x8320</load_address>
         <run_address>0x8320</run_address>
         <size>0x2be</size>
         <input_file_ref idref="fl-c7"/>
      </object_component>
      <object_component id="oc-14d">
         <name>.debug_info</name>
         <load_address>0x85de</load_address>
         <run_address>0x85de</run_address>
         <size>0x113</size>
         <input_file_ref idref="fl-c7"/>
      </object_component>
      <object_component id="oc-1e7">
         <name>.debug_info</name>
         <load_address>0x86f1</load_address>
         <run_address>0x86f1</run_address>
         <size>0x123</size>
         <input_file_ref idref="fl-c7"/>
      </object_component>
      <object_component id="oc-15f">
         <name>.debug_info</name>
         <load_address>0x8814</load_address>
         <run_address>0x8814</run_address>
         <size>0x3da</size>
         <input_file_ref idref="fl-c9"/>
      </object_component>
      <object_component id="oc-159">
         <name>.debug_info</name>
         <load_address>0x8bee</load_address>
         <run_address>0x8bee</run_address>
         <size>0x14c</size>
         <input_file_ref idref="fl-c9"/>
      </object_component>
      <object_component id="oc-153">
         <name>.debug_info</name>
         <load_address>0x8d3a</load_address>
         <run_address>0x8d3a</run_address>
         <size>0x15b</size>
         <input_file_ref idref="fl-c9"/>
      </object_component>
      <object_component id="oc-b2">
         <name>.debug_info</name>
         <load_address>0x8e95</load_address>
         <run_address>0x8e95</run_address>
         <size>0x1a1</size>
         <input_file_ref idref="fl-c9"/>
      </object_component>
      <object_component id="oc-204">
         <name>.debug_info</name>
         <load_address>0x9036</load_address>
         <run_address>0x9036</run_address>
         <size>0xb2</size>
         <input_file_ref idref="fl-c9"/>
      </object_component>
      <object_component id="oc-209">
         <name>.debug_info</name>
         <load_address>0x90e8</load_address>
         <run_address>0x90e8</run_address>
         <size>0x4e</size>
         <input_file_ref idref="fl-c9"/>
      </object_component>
      <object_component id="oc-160">
         <name>.debug_info</name>
         <load_address>0x9136</load_address>
         <run_address>0x9136</run_address>
         <size>0x2c</size>
         <input_file_ref idref="fl-c9"/>
      </object_component>
      <object_component id="oc-3a">
         <name>.debug_info</name>
         <load_address>0x9162</load_address>
         <run_address>0x9162</run_address>
         <size>0x111</size>
         <input_file_ref idref="fl-ca"/>
      </object_component>
      <object_component id="oc-94">
         <name>.debug_info</name>
         <load_address>0x9273</load_address>
         <run_address>0x9273</run_address>
         <size>0x13f</size>
         <input_file_ref idref="fl-cb"/>
      </object_component>
      <object_component id="oc-182">
         <name>.debug_info</name>
         <load_address>0x93b2</load_address>
         <run_address>0x93b2</run_address>
         <size>0x547</size>
         <input_file_ref idref="fl-cc"/>
      </object_component>
      <object_component id="oc-112">
         <name>.debug_info</name>
         <load_address>0x98f9</load_address>
         <run_address>0x98f9</run_address>
         <size>0x19b</size>
         <input_file_ref idref="fl-cc"/>
      </object_component>
      <object_component id="oc-214">
         <name>.debug_info</name>
         <load_address>0x9a94</load_address>
         <run_address>0x9a94</run_address>
         <size>0x39</size>
         <input_file_ref idref="fl-cc"/>
      </object_component>
      <object_component id="oc-2b1">
         <name>.debug_info</name>
         <load_address>0x9acd</load_address>
         <run_address>0x9acd</run_address>
         <size>0x39</size>
         <input_file_ref idref="fl-cc"/>
      </object_component>
      <object_component id="oc-219">
         <name>.debug_info</name>
         <load_address>0x9b06</load_address>
         <run_address>0x9b06</run_address>
         <size>0x39</size>
         <input_file_ref idref="fl-cc"/>
      </object_component>
      <object_component id="oc-21e">
         <name>.debug_info</name>
         <load_address>0x9b3f</load_address>
         <run_address>0x9b3f</run_address>
         <size>0xcd</size>
         <input_file_ref idref="fl-cc"/>
      </object_component>
      <object_component id="oc-9a">
         <name>.debug_info</name>
         <load_address>0x9c0c</load_address>
         <run_address>0x9c0c</run_address>
         <size>0x148</size>
         <input_file_ref idref="fl-cd"/>
      </object_component>
      <object_component id="oc-1db">
         <name>.debug_info</name>
         <load_address>0x9d54</load_address>
         <run_address>0x9d54</run_address>
         <size>0x8a6</size>
         <input_file_ref idref="fl-cf"/>
      </object_component>
      <object_component id="oc-1a6">
         <name>.debug_info</name>
         <load_address>0xa5fa</load_address>
         <run_address>0xa5fa</run_address>
         <size>0x213</size>
         <input_file_ref idref="fl-cf"/>
      </object_component>
      <object_component id="oc-244">
         <name>.debug_info</name>
         <load_address>0xa80d</load_address>
         <run_address>0xa80d</run_address>
         <size>0x1a8</size>
         <input_file_ref idref="fl-cf"/>
      </object_component>
      <object_component id="oc-24a">
         <name>.debug_info</name>
         <load_address>0xa9b5</load_address>
         <run_address>0xa9b5</run_address>
         <size>0x210</size>
         <input_file_ref idref="fl-cf"/>
      </object_component>
      <object_component id="oc-1b1">
         <name>.debug_info</name>
         <load_address>0xabc5</load_address>
         <run_address>0xabc5</run_address>
         <size>0x3b0</size>
         <input_file_ref idref="fl-cf"/>
      </object_component>
      <object_component id="oc-251">
         <name>.debug_info</name>
         <load_address>0xaf75</load_address>
         <run_address>0xaf75</run_address>
         <size>0x2fa</size>
         <input_file_ref idref="fl-cf"/>
      </object_component>
      <object_component id="oc-257">
         <name>.debug_info</name>
         <load_address>0xb26f</load_address>
         <run_address>0xb26f</run_address>
         <size>0x20a</size>
         <input_file_ref idref="fl-cf"/>
      </object_component>
      <object_component id="oc-1b7">
         <name>.debug_info</name>
         <load_address>0xb479</load_address>
         <run_address>0xb479</run_address>
         <size>0x20a</size>
         <input_file_ref idref="fl-cf"/>
      </object_component>
      <object_component id="oc-1bd">
         <name>.debug_info</name>
         <load_address>0xb683</load_address>
         <run_address>0xb683</run_address>
         <size>0x2f9</size>
         <input_file_ref idref="fl-cf"/>
      </object_component>
      <object_component id="oc-1c3">
         <name>.debug_info</name>
         <load_address>0xb97c</load_address>
         <run_address>0xb97c</run_address>
         <size>0x4a5</size>
         <input_file_ref idref="fl-cf"/>
      </object_component>
      <object_component id="oc-147">
         <name>.debug_info</name>
         <load_address>0xbe21</load_address>
         <run_address>0xbe21</run_address>
         <size>0x5cd</size>
         <input_file_ref idref="fl-cf"/>
      </object_component>
      <object_component id="oc-1dc">
         <name>.debug_info</name>
         <load_address>0xc3ee</load_address>
         <run_address>0xc3ee</run_address>
         <size>0x86</size>
         <input_file_ref idref="fl-cf"/>
      </object_component>
      <object_component id="oc-286">
         <name>.debug_info</name>
         <load_address>0xc474</load_address>
         <run_address>0xc474</run_address>
         <size>0x39</size>
         <input_file_ref idref="fl-cf"/>
      </object_component>
      <object_component id="oc-2f0">
         <name>.debug_info</name>
         <load_address>0xc4ad</load_address>
         <run_address>0xc4ad</run_address>
         <size>0xb6</size>
         <input_file_ref idref="fl-cf"/>
      </object_component>
      <object_component id="oc-28b">
         <name>.debug_info</name>
         <load_address>0xc563</load_address>
         <run_address>0xc563</run_address>
         <size>0x46</size>
         <input_file_ref idref="fl-cf"/>
      </object_component>
      <object_component id="oc-1e1">
         <name>.debug_info</name>
         <load_address>0xc5a9</load_address>
         <run_address>0xc5a9</run_address>
         <size>0x46</size>
         <input_file_ref idref="fl-cf"/>
      </object_component>
      <object_component id="oc-281">
         <name>.debug_info</name>
         <load_address>0xc5ef</load_address>
         <run_address>0xc5ef</run_address>
         <size>0x2c</size>
         <input_file_ref idref="fl-cf"/>
      </object_component>
      <object_component id="oc-22b">
         <name>.debug_info</name>
         <load_address>0xc61b</load_address>
         <run_address>0xc61b</run_address>
         <size>0x2ae</size>
         <input_file_ref idref="fl-d0"/>
      </object_component>
      <object_component id="oc-1a2">
         <name>.debug_info</name>
         <load_address>0xc8c9</load_address>
         <run_address>0xc8c9</run_address>
         <size>0x171</size>
         <input_file_ref idref="fl-d0"/>
      </object_component>
      <object_component id="oc-2c1">
         <name>.debug_info</name>
         <load_address>0xca3a</load_address>
         <run_address>0xca3a</run_address>
         <size>0xee</size>
         <input_file_ref idref="fl-d1"/>
      </object_component>
      <object_component id="oc-228">
         <name>.debug_info</name>
         <load_address>0xcb28</load_address>
         <run_address>0xcb28</run_address>
         <size>0xfa</size>
         <input_file_ref idref="fl-d1"/>
      </object_component>
      <object_component id="oc-1f2">
         <name>.debug_info</name>
         <load_address>0xcc22</load_address>
         <run_address>0xcc22</run_address>
         <size>0x139</size>
         <input_file_ref idref="fl-d2"/>
      </object_component>
      <object_component id="oc-150">
         <name>.debug_info</name>
         <load_address>0xcd5b</load_address>
         <run_address>0xcd5b</run_address>
         <size>0xf7</size>
         <input_file_ref idref="fl-d2"/>
      </object_component>
      <object_component id="oc-37b">
         <name>.debug_info</name>
         <load_address>0xce52</load_address>
         <run_address>0xce52</run_address>
         <size>0x184</size>
         <input_file_ref idref="fl-d2"/>
      </object_component>
      <object_component id="oc-2b0">
         <name>.debug_info</name>
         <load_address>0xcfd6</load_address>
         <run_address>0xcfd6</run_address>
         <size>0x378</size>
         <input_file_ref idref="fl-d3"/>
      </object_component>
      <object_component id="oc-1fd">
         <name>.debug_info</name>
         <load_address>0xd34e</load_address>
         <run_address>0xd34e</run_address>
         <size>0x1df</size>
         <input_file_ref idref="fl-d3"/>
      </object_component>
      <object_component id="oc-2ae">
         <name>.debug_info</name>
         <load_address>0xd52d</load_address>
         <run_address>0xd52d</run_address>
         <size>0x3f1</size>
         <input_file_ref idref="fl-d4"/>
      </object_component>
      <object_component id="oc-1f5">
         <name>.debug_info</name>
         <load_address>0xd91e</load_address>
         <run_address>0xd91e</run_address>
         <size>0x2d7</size>
         <input_file_ref idref="fl-d4"/>
      </object_component>
      <object_component id="oc-2cc">
         <name>.debug_info</name>
         <load_address>0xdbf5</load_address>
         <run_address>0xdbf5</run_address>
         <size>0x290</size>
         <input_file_ref idref="fl-d5"/>
      </object_component>
      <object_component id="oc-239">
         <name>.debug_info</name>
         <load_address>0xde85</load_address>
         <run_address>0xde85</run_address>
         <size>0x1c2</size>
         <input_file_ref idref="fl-d5"/>
      </object_component>
      <object_component id="oc-272">
         <name>.debug_info</name>
         <load_address>0xe047</load_address>
         <run_address>0xe047</run_address>
         <size>0x28b</size>
         <input_file_ref idref="fl-d6"/>
      </object_component>
      <object_component id="oc-1c9">
         <name>.debug_info</name>
         <load_address>0xe2d2</load_address>
         <run_address>0xe2d2</run_address>
         <size>0x1ab</size>
         <input_file_ref idref="fl-d6"/>
      </object_component>
      <object_component id="oc-304">
         <name>.debug_info</name>
         <load_address>0xe47d</load_address>
         <run_address>0xe47d</run_address>
         <size>0x29a</size>
         <input_file_ref idref="fl-d7"/>
      </object_component>
      <object_component id="oc-29f">
         <name>.debug_info</name>
         <load_address>0xe717</load_address>
         <run_address>0xe717</run_address>
         <size>0x242</size>
         <input_file_ref idref="fl-d7"/>
      </object_component>
      <object_component id="oc-2e2">
         <name>.debug_info</name>
         <load_address>0xe959</load_address>
         <run_address>0xe959</run_address>
         <size>0x28f</size>
         <input_file_ref idref="fl-d8"/>
      </object_component>
      <object_component id="oc-26b">
         <name>.debug_info</name>
         <load_address>0xebe8</load_address>
         <run_address>0xebe8</run_address>
         <size>0x247</size>
         <input_file_ref idref="fl-d8"/>
      </object_component>
      <object_component id="oc-226">
         <name>.debug_info</name>
         <load_address>0xee2f</load_address>
         <run_address>0xee2f</run_address>
         <size>0x284</size>
         <input_file_ref idref="fl-d9"/>
      </object_component>
      <object_component id="oc-19d">
         <name>.debug_info</name>
         <load_address>0xf0b3</load_address>
         <run_address>0xf0b3</run_address>
         <size>0x22a</size>
         <input_file_ref idref="fl-d9"/>
      </object_component>
      <object_component id="oc-30b">
         <name>.debug_info</name>
         <load_address>0xf2dd</load_address>
         <run_address>0xf2dd</run_address>
         <size>0x4c5</size>
         <input_file_ref idref="fl-da"/>
      </object_component>
      <object_component id="oc-349">
         <name>.debug_info</name>
         <load_address>0xf7a2</load_address>
         <run_address>0xf7a2</run_address>
         <size>0xf8</size>
         <input_file_ref idref="fl-da"/>
      </object_component>
      <object_component id="oc-308">
         <name>.debug_info</name>
         <load_address>0xf89a</load_address>
         <run_address>0xf89a</run_address>
         <size>0xf8</size>
         <input_file_ref idref="fl-da"/>
      </object_component>
      <object_component id="oc-2a8">
         <name>.debug_info</name>
         <load_address>0xf992</load_address>
         <run_address>0xf992</run_address>
         <size>0x184</size>
         <input_file_ref idref="fl-da"/>
      </object_component>
      <object_component id="oc-34f">
         <name>.debug_info</name>
         <load_address>0xfb16</load_address>
         <run_address>0xfb16</run_address>
         <size>0x120</size>
         <input_file_ref idref="fl-da"/>
      </object_component>
      <object_component id="oc-354">
         <name>.debug_info</name>
         <load_address>0xfc36</load_address>
         <run_address>0xfc36</run_address>
         <size>0x2c</size>
         <input_file_ref idref="fl-da"/>
      </object_component>
      <object_component id="oc-2d3">
         <name>.debug_info</name>
         <load_address>0xfc62</load_address>
         <run_address>0xfc62</run_address>
         <size>0x28f</size>
         <input_file_ref idref="fl-db"/>
      </object_component>
      <object_component id="oc-25f">
         <name>.debug_info</name>
         <load_address>0xfef1</load_address>
         <run_address>0xfef1</run_address>
         <size>0x18a</size>
         <input_file_ref idref="fl-db"/>
      </object_component>
      <object_component id="oc-317">
         <name>.debug_info</name>
         <load_address>0x1007b</load_address>
         <run_address>0x1007b</run_address>
         <size>0x39</size>
         <input_file_ref idref="fl-db"/>
      </object_component>
      <object_component id="oc-2d4">
         <name>.debug_info</name>
         <load_address>0x100b4</load_address>
         <run_address>0x100b4</run_address>
         <size>0x2c</size>
         <input_file_ref idref="fl-db"/>
      </object_component>
      <object_component id="oc-2e0">
         <name>.debug_info</name>
         <load_address>0x100e0</load_address>
         <run_address>0x100e0</run_address>
         <size>0x2f2</size>
         <input_file_ref idref="fl-dc"/>
      </object_component>
      <object_component id="oc-265">
         <name>.debug_info</name>
         <load_address>0x103d2</load_address>
         <run_address>0x103d2</run_address>
         <size>0x21a</size>
         <input_file_ref idref="fl-dc"/>
      </object_component>
      <object_component id="oc-2da">
         <name>.debug_info</name>
         <load_address>0x105ec</load_address>
         <run_address>0x105ec</run_address>
         <size>0x156</size>
         <input_file_ref idref="fl-dd"/>
      </object_component>
      <object_component id="oc-279">
         <name>.debug_info</name>
         <load_address>0x10742</load_address>
         <run_address>0x10742</run_address>
         <size>0x284</size>
         <input_file_ref idref="fl-de"/>
      </object_component>
      <object_component id="oc-1d1">
         <name>.debug_info</name>
         <load_address>0x109c6</load_address>
         <run_address>0x109c6</run_address>
         <size>0x14f</size>
         <input_file_ref idref="fl-de"/>
      </object_component>
      <object_component id="oc-2e5">
         <name>.debug_info</name>
         <load_address>0x10b15</load_address>
         <run_address>0x10b15</run_address>
         <size>0x46</size>
         <input_file_ref idref="fl-de"/>
      </object_component>
      <object_component id="oc-274">
         <name>.debug_info</name>
         <load_address>0x10b5b</load_address>
         <run_address>0x10b5b</run_address>
         <size>0x39</size>
         <input_file_ref idref="fl-de"/>
      </object_component>
      <object_component id="oc-23f">
         <name>.debug_info</name>
         <load_address>0x10b94</load_address>
         <run_address>0x10b94</run_address>
         <size>0x144</size>
         <input_file_ref idref="fl-df"/>
      </object_component>
      <object_component id="oc-1ae">
         <name>.debug_info</name>
         <load_address>0x10cd8</load_address>
         <run_address>0x10cd8</run_address>
         <size>0x120</size>
         <input_file_ref idref="fl-e0"/>
      </object_component>
      <object_component id="oc-235">
         <name>.debug_info</name>
         <load_address>0x10df8</load_address>
         <run_address>0x10df8</run_address>
         <size>0x122</size>
         <input_file_ref idref="fl-e0"/>
      </object_component>
      <object_component id="oc-22f">
         <name>.debug_info</name>
         <load_address>0x10f1a</load_address>
         <run_address>0x10f1a</run_address>
         <size>0x12c</size>
         <input_file_ref idref="fl-e1"/>
      </object_component>
      <object_component id="oc-27e">
         <name>.debug_info</name>
         <load_address>0x11046</load_address>
         <run_address>0x11046</run_address>
         <size>0x27e</size>
         <input_file_ref idref="fl-e2"/>
      </object_component>
      <object_component id="oc-27b">
         <name>.debug_info</name>
         <load_address>0x112c4</load_address>
         <run_address>0x112c4</run_address>
         <size>0x103</size>
         <input_file_ref idref="fl-e2"/>
      </object_component>
      <object_component id="oc-1d6">
         <name>.debug_info</name>
         <load_address>0x113c7</load_address>
         <run_address>0x113c7</run_address>
         <size>0x143</size>
         <input_file_ref idref="fl-e2"/>
      </object_component>
      <object_component id="oc-302">
         <name>.debug_info</name>
         <load_address>0x1150a</load_address>
         <run_address>0x1150a</run_address>
         <size>0x2f5</size>
         <input_file_ref idref="fl-e3"/>
      </object_component>
      <object_component id="oc-296">
         <name>.debug_info</name>
         <load_address>0x117ff</load_address>
         <run_address>0x117ff</run_address>
         <size>0x191</size>
         <input_file_ref idref="fl-e3"/>
      </object_component>
      <object_component id="oc-33d">
         <name>.debug_info</name>
         <load_address>0x11990</load_address>
         <run_address>0x11990</run_address>
         <size>0xbf</size>
         <input_file_ref idref="fl-e3"/>
      </object_component>
      <object_component id="oc-306">
         <name>.debug_info</name>
         <load_address>0x11a4f</load_address>
         <run_address>0x11a4f</run_address>
         <size>0x33c</size>
         <input_file_ref idref="fl-e4"/>
      </object_component>
      <object_component id="oc-2a4">
         <name>.debug_info</name>
         <load_address>0x11d8b</load_address>
         <run_address>0x11d8b</run_address>
         <size>0x17f</size>
         <input_file_ref idref="fl-e4"/>
      </object_component>
      <object_component id="oc-328">
         <name>.debug_info</name>
         <load_address>0x11f0a</load_address>
         <run_address>0x11f0a</run_address>
         <size>0x319</size>
         <input_file_ref idref="fl-e5"/>
      </object_component>
      <object_component id="oc-2f9">
         <name>.debug_info</name>
         <load_address>0x12223</load_address>
         <run_address>0x12223</run_address>
         <size>0x1e1</size>
         <input_file_ref idref="fl-e5"/>
      </object_component>
      <object_component id="oc-35a">
         <name>.debug_info</name>
         <load_address>0x12404</load_address>
         <run_address>0x12404</run_address>
         <size>0x38c</size>
         <input_file_ref idref="fl-e6"/>
      </object_component>
      <object_component id="oc-322">
         <name>.debug_info</name>
         <load_address>0x12790</load_address>
         <run_address>0x12790</run_address>
         <size>0x18a</size>
         <input_file_ref idref="fl-e6"/>
      </object_component>
      <object_component id="oc-33c">
         <name>.debug_info</name>
         <load_address>0x1291a</load_address>
         <run_address>0x1291a</run_address>
         <size>0x369</size>
         <input_file_ref idref="fl-e7"/>
      </object_component>
      <object_component id="oc-2fc">
         <name>.debug_info</name>
         <load_address>0x12c83</load_address>
         <run_address>0x12c83</run_address>
         <size>0x200</size>
         <input_file_ref idref="fl-e7"/>
      </object_component>
      <object_component id="oc-3d5">
         <name>.debug_info</name>
         <load_address>0x12e83</load_address>
         <run_address>0x12e83</run_address>
         <size>0x368</size>
[...]
         <value>0xb43</value>
         <object_component_ref idref="oc-1e6"/>
      </symbol>
      <symbol id="sm-1c0">
         <name>_lock</name>
         <value>0x200007e0</value>
         <object_component_ref idref="oc-14c"/>
      </symbol>
      <symbol id="sm-1c1">
         <name>_unlock</name>
         <value>0x200007e4</value>
         <object_component_ref idref="oc-14c"/>
      </symbol>
      <symbol id="sm-1f8">
         <name>printf</name>
         <value>0x26ad</value>
         <object_component_ref idref="oc-b0"/>
      </symbol>
      <symbol id="sm-213">
         <name>memcpy</name>
         <value>0x20d3</value>
         <object_component_ref idref="oc-37"/>
      </symbol>
      <symbol id="sm-214">
         <name>__aeabi_memcpy</name>
         <value>0x20d3</value>
         <object_component_ref idref="oc-37"/>
      </symbol>
      <symbol id="sm-215">
         <name>__aeabi_memcpy8</name>
         <value>0x20d3</value>
         <object_component_ref idref="oc-37"/>
      </symbol>
      <symbol id="sm-216">
         <name>__aeabi_memcpy4</name>
         <value>0x20d3</value>
         <object_component_ref idref="oc-37"/>
      </symbol>
      <symbol id="sm-225">
         <name>__aeabi_memset</name>
         <value>0x239f</value>
         <object_component_ref idref="oc-91"/>
      </symbol>
      <symbol id="sm-226">
         <name>memset</name>
         <value>0x23a5</value>
         <object_component_ref idref="oc-91"/>
      </symbol>
      <symbol id="sm-227">
         <name>__aeabi_memset8</name>
         <value>0x239f</value>
         <object_component_ref idref="oc-91"/>
      </symbol>
      <symbol id="sm-228">
         <name>__aeabi_memset4</name>
         <value>0x239f</value>
         <object_component_ref idref="oc-91"/>
      </symbol>
      <symbol id="sm-229">
         <name>__aeabi_memclr8</name>
         <value>0x239d</value>
         <object_component_ref idref="oc-91"/>
      </symbol>
      <symbol id="sm-22a">
         <name>__aeabi_memclr4</name>
         <value>0x239d</value>
         <object_component_ref idref="oc-91"/>
      </symbol>
      <symbol id="sm-22b">
         <name>__aeabi_memclr</name>
         <value>0x239d</value>
         <object_component_ref idref="oc-91"/>
      </symbol>
      <symbol id="sm-253">
         <name>__TI_auto_init_nobinit_nopinit</name>
         <value>0x2c59</value>
         <object_component_ref idref="oc-110"/>
      </symbol>
      <symbol id="sm-25d">
         <name>_system_pre_init</name>
         <value>0x30a1</value>
         <object_component_ref idref="oc-97"/>
      </symbol>
      <symbol id="sm-3c8">
         <name>__TI_printfi</name>
         <value>0xe5</value>
         <object_component_ref idref="oc-146"/>
      </symbol>
      <symbol id="sm-3de">
         <name>atoi</name>
         <value>0x2af5</value>
         <object_component_ref idref="oc-19f"/>
      </symbol>
      <symbol id="sm-3e9">
         <name>_ctypes_</name>
         <value>0x30a8</value>
         <object_component_ref idref="oc-227"/>
      </symbol>
      <symbol id="sm-3fe">
         <name>__TI_tmpnams</name>
         <value>0x20000520</value>
      </symbol>
      <symbol id="sm-3ff">
         <name>__aeabi_stdout</name>
         <value>0x200007c0</value>
         <object_component_ref idref="oc-37a"/>
      </symbol>
      <symbol id="sm-400">
         <name>__aeabi_stderr</name>
         <value>0x200007c4</value>
         <object_component_ref idref="oc-37a"/>
      </symbol>
      <symbol id="sm-401">
         <name>__aeabi_stdin</name>
         <value>0x200007bc</value>
         <object_component_ref idref="oc-37a"/>
      </symbol>
      <symbol id="sm-402">
         <name>_ftable</name>
         <value>0x20000600</value>
         <object_component_ref idref="oc-14f"/>
      </symbol>
      <symbol id="sm-403">
         <name>__TI_ft_end</name>
         <value>0x200007b8</value>
         <object_component_ref idref="oc-37a"/>
      </symbol>
      <symbol id="sm-418">
         <name>putc</name>
         <value>0x2205</value>
         <object_component_ref idref="oc-1fb"/>
      </symbol>
      <symbol id="sm-419">
         <name>fputc</name>
         <value>0x2205</value>
         <object_component_ref idref="oc-1fb"/>
      </symbol>
      <symbol id="sm-437">
         <name>fputs</name>
         <value>0x1b4d</value>
         <object_component_ref idref="oc-1f4"/>
      </symbol>
      <symbol id="sm-446">
         <name>ltoa</name>
         <value>0x2a03</value>
         <object_component_ref idref="oc-238"/>
      </symbol>
      <symbol id="sm-456">
         <name>memccpy</name>
         <value>0x2fc9</value>
         <object_component_ref idref="oc-1c8"/>
      </symbol>
      <symbol id="sm-466">
         <name>memchr</name>
         <value>0x2fa9</value>
         <object_component_ref idref="oc-29b"/>
      </symbol>
      <symbol id="sm-476">
         <name>strchr</name>
         <value>0x2ffd</value>
         <object_component_ref idref="oc-26a"/>
      </symbol>
      <symbol id="sm-484">
         <name>strlen</name>
         <value>0x303b</value>
         <object_component_ref idref="oc-199"/>
      </symbol>
      <symbol id="sm-4aa">
         <name>_stream</name>
         <value>0x20000768</value>
         <object_component_ref idref="oc-307"/>
      </symbol>
      <symbol id="sm-4ab">
         <name>_device</name>
         <value>0x200006f0</value>
         <object_component_ref idref="oc-348"/>
      </symbol>
      <symbol id="sm-4ac">
         <name>write</name>
         <value>0x2f81</value>
         <object_component_ref idref="oc-2a7"/>
      </symbol>
      <symbol id="sm-4cc">
         <name>frexpl</name>
         <value>0x2715</value>
         <object_component_ref idref="oc-25e"/>
      </symbol>
      <symbol id="sm-4cd">
         <name>frexp</name>
         <value>0x2715</value>
         <object_component_ref idref="oc-25e"/>
      </symbol>
      <symbol id="sm-4ea">
         <name>scalbn</name>
         <value>0x1c61</value>
         <object_component_ref idref="oc-264"/>
      </symbol>
      <symbol id="sm-4eb">
         <name>scalbnl</name>
         <value>0x1c61</value>
         <object_component_ref idref="oc-264"/>
      </symbol>
      <symbol id="sm-4ec">
         <name>ldexpl</name>
         <value>0x1c61</value>
         <object_component_ref idref="oc-264"/>
      </symbol>
      <symbol id="sm-4ed">
         <name>ldexp</name>
         <value>0x1c61</value>
         <object_component_ref idref="oc-264"/>
      </symbol>
      <symbol id="sm-4f7">
         <name>copysign</name>
         <value>0x3013</value>
         <object_component_ref idref="oc-2d9"/>
      </symbol>
      <symbol id="sm-4f8">
         <name>copysignl</name>
         <value>0x3013</value>
         <object_component_ref idref="oc-2d9"/>
      </symbol>
      <symbol id="sm-511">
         <name>wcslen</name>
         <value>0x3061</value>
         <object_component_ref idref="oc-1ce"/>
      </symbol>
      <symbol id="sm-528">
         <name>__aeabi_dsub</name>
         <value>0x1601</value>
         <object_component_ref idref="oc-23e"/>
      </symbol>
      <symbol id="sm-529">
         <name>__aeabi_dadd</name>
         <value>0x160b</value>
         <object_component_ref idref="oc-23e"/>
      </symbol>
      <symbol id="sm-54b">
         <name>__aeabi_cdcmpeq</name>
         <value>0x2291</value>
         <object_component_ref idref="oc-1ab"/>
      </symbol>
      <symbol id="sm-54c">
         <name>__aeabi_cdcmple</name>
         <value>0x2291</value>
         <object_component_ref idref="oc-1ab"/>
      </symbol>
      <symbol id="sm-54d">
         <name>__aeabi_cdrcmple</name>
         <value>0x2317</value>
         <object_component_ref idref="oc-233"/>
      </symbol>
      <symbol id="sm-55a">
         <name>__aeabi_uldivmod</name>
         <value>0x216f</value>
         <object_component_ref idref="oc-22c"/>
      </symbol>
      <symbol id="sm-570">
         <name>__aeabi_errno_addr</name>
         <value>0x3091</value>
         <object_component_ref idref="oc-1d4"/>
      </symbol>
      <symbol id="sm-571">
         <name>errno</name>
         <value>0x200007e8</value>
         <object_component_ref idref="oc-27a"/>
      </symbol>
      <symbol id="sm-589">
         <name>__TI_wrt_ok</name>
         <value>0x27dd</value>
         <object_component_ref idref="oc-295"/>
      </symbol>
      <symbol id="sm-599">
         <name>__TI_doflush</name>
         <value>0x2aa9</value>
         <object_component_ref idref="oc-2a1"/>
      </symbol>
      <symbol id="sm-5ab">
         <name>fseek</name>
         <value>0x2779</value>
         <object_component_ref idref="oc-2f5"/>
      </symbol>
      <symbol id="sm-5bb">
         <name>lseek</name>
         <value>0x2f31</value>
         <object_component_ref idref="oc-321"/>
      </symbol>
      <symbol id="sm-5d7">
         <name>setvbuf</name>
         <value>0x1e6d</value>
         <object_component_ref idref="oc-2fb"/>
      </symbol>
      <symbol id="sm-5e8">
         <name>HOSTclose</name>
         <value>0x2bd1</value>
         <object_component_ref idref="oc-386"/>
      </symbol>
      <symbol id="sm-5f9">
         <name>HOSTlseek</name>
         <value>0x2575</value>
         <object_component_ref idref="oc-398"/>
      </symbol>
      <symbol id="sm-60b">
         <name>parmbuf</name>
         <value>0x200005c0</value>
      </symbol>
      <symbol id="sm-60c">
         <name>HOSTopen</name>
         <value>0x2841</value>
         <object_component_ref idref="oc-380"/>
      </symbol>
      <symbol id="sm-61d">
         <name>HOSTread</name>
         <value>0x28fd</value>
         <object_component_ref idref="oc-38c"/>
      </symbol>
      <symbol id="sm-62e">
         <name>HOSTrename</name>
         <value>0x25dd</value>
         <object_component_ref idref="oc-3a4"/>
      </symbol>
      <symbol id="sm-63f">
         <name>HOSTunlink</name>
         <value>0x2c15</value>
         <object_component_ref idref="oc-39e"/>
      </symbol>
      <symbol id="sm-650">
         <name>HOSTwrite</name>
         <value>0x2955</value>
         <object_component_ref idref="oc-392"/>
      </symbol>
      <symbol id="sm-674">
         <name>__TI_readmsg</name>
         <value>0x2e71</value>
         <object_component_ref idref="oc-3ca"/>
      </symbol>
      <symbol id="sm-675">
         <name>C$$IO$$</name>
         <value>0x2d8b</value>
         <object_component_ref idref="oc-3c4"/>
      </symbol>
      <symbol id="sm-676">
         <name>__CIOBUF_</name>
         <value>0x20000400</value>
         <object_component_ref idref="oc-3f2"/>
      </symbol>
      <symbol id="sm-677">
         <name>__TI_writemsg</name>
         <value>0x2d5d</value>
         <object_component_ref idref="oc-3c4"/>
      </symbol>
      <symbol id="sm-681">
         <name>__aeabi_idiv0</name>
         <value>0x17b7</value>
         <object_component_ref idref="oc-2c4"/>
      </symbol>
      <symbol id="sm-682">
         <name>__aeabi_ldiv0</name>
         <value>0x17b7</value>
         <object_component_ref idref="oc-2c4"/>
      </symbol>
      <symbol id="sm-6fd">
         <name>_sys_memory</name>
         <value>0x20000000</value>
         <object_component_ref idref="oc-29"/>
      </symbol>
      <symbol id="sm-6fe">
         <name>free</name>
         <value>0x1f49</value>
         <object_component_ref idref="oc-329"/>
      </symbol>
      <symbol id="sm-6ff">
         <name>malloc</name>
         <value>0x2419</value>
         <object_component_ref idref="oc-32f"/>
      </symbol>
      <symbol id="sm-700">
         <name>minit</name>
         <value>0x2dcd</value>
         <object_component_ref idref="oc-35d"/>
      </symbol>
      <symbol id="sm-710">
         <name>__TI_cleanup</name>
         <value>0x2e3d</value>
         <object_component_ref idref="oc-335"/>
      </symbol>
      <symbol id="sm-71f">
         <name>strcpy</name>
         <value>0x3027</value>
         <object_component_ref idref="oc-3de"/>
      </symbol>
      <symbol id="sm-734">
         <name>__TI_closefile</name>
         <value>0x2491</value>
         <object_component_ref idref="oc-374"/>
      </symbol>
      <symbol id="sm-757">
         <name>finddevice</name>
         <value>0x2ea5</value>
         <object_component_ref idref="oc-410"/>
      </symbol>
      <symbol id="sm-758">
         <name>getdevice</name>
         <value>0x2c9d</value>
         <object_component_ref idref="oc-3e8"/>
      </symbol>
      <symbol id="sm-768">
         <name>strcmp</name>
         <value>0x2fe5</value>
         <object_component_ref idref="oc-427"/>
      </symbol>
      <symbol id="sm-778">
         <name>strncpy</name>
         <value>0x2e05</value>
         <object_component_ref idref="oc-40a"/>
      </symbol>
      <symbol id="sm-788">
         <name>unlink</name>
         <value>0x2f05</value>
         <object_component_ref idref="oc-3b9"/>
      </symbol>
      <symbol id="sm-79c">
         <name>close</name>
         <value>0x28a1</value>
         <object_component_ref idref="oc-3b3"/>
      </symbol>
      <symbol id="sm-79d">
         <name>__TI_static_base__</name>
         <value>0x0</value>
      </symbol>
      <symbol id="sm-7a0">
         <name>__mpu_init</name>
         <value>0x0</value>
      </symbol>
      <symbol id="sm-7a1">
         <name>_system_post_cinit</name>
         <value>0x0</value>
      </symbol>
      <symbol id="sm-7a2">
         <name>NMI_Handler</name>
         <value>0x308d</value>
      </symbol>
      <symbol id="sm-7a3">
         <name>HardFault_Handler</name>
         <value>0x308d</value>
      </symbol>
      <symbol id="sm-7a4">
         <name>MemManage_Handler</name>
         <value>0x308d</value>
      </symbol>
      <symbol id="sm-7a5">
         <name>BusFault_Handler</name>
         <value>0x308d</value>
      </symbol>
      <symbol id="sm-7a6">
         <name>UsageFault_Handler</name>
         <value>0x308d</value>
      </symbol>
      <symbol id="sm-7a7">
         <name>SVC_Handler</name>
         <value>0x308d</value>
      </symbol>
      <symbol id="sm-7a8">
         <name>DebugMon_Handler</name>
         <value>0x308d</value>
      </symbol>
      <symbol id="sm-7a9">
         <name>PendSV_Handler</name>
         <value>0x308d</value>
      </symbol>
      <symbol id="sm-7aa">
         <name>SysTick_Handler</name>
         <value>0x308d</value>
      </symbol>
      <symbol id="sm-7ab">
         <name>PSS_IRQHandler</name>
         <value>0x308d</value>
      </symbol>
      <symbol id="sm-7ac">
         <name>CS_IRQHandler</name>
         <value>0x308d</value>
      </symbol>
      <symbol id="sm-7ad">
         <name>PCM_IRQHandler</name>
         <value>0x308d</value>
      </symbol>
      <symbol id="sm-7ae">
         <name>WDT_A_IRQHandler</name>
         <value>0x308d</value>
      </symbol>
      <symbol id="sm-7af">
         <name>FPU_IRQHandler</name>
         <value>0x308d</value>
      </symbol>
      <symbol id="sm-7b0">
         <name>FLCTL_IRQHandler</name>
         <value>0x308d</value>
      </symbol>
      <symbol id="sm-7b1">
         <name>COMP_E0_IRQHandler</name>
         <value>0x308d</value>
      </symbol>
      <symbol id="sm-7b2">
         <name>COMP_E1_IRQHandler</name>
         <value>0x308d</value>
      </symbol>
      <symbol id="sm-7b3">
         <name>TA0_0_IRQHandler</name>
         <value>0xd0d</value>
      </symbol>
      <symbol id="sm-7b4">
         <name>TA0_N_IRQHandler</name>
         <value>0xcef</value>
      </symbol>
      <symbol id="sm-7b5">
         <name>TA1_0_IRQHandler</name>
         <value>0x308d</value>
      </symbol>
      <symbol id="sm-7b6">
         <name>TA1_N_IRQHandler</name>
         <value>0x308d</value>
      </symbol>
      <symbol id="sm-7b7">
         <name>TA2_0_IRQHandler</name>
         <value>0x308d</value>
      </symbol>
      <symbol id="sm-7b8">
         <name>TA2_N_IRQHandler</name>
         <value>0x308d</value>
      </symbol>
      <symbol id="sm-7b9">
         <name>TA3_0_IRQHandler</name>
         <value>0x308d</value>
      </symbol>
      <symbol id="sm-7ba">
         <name>TA3_N_IRQHandler</name>
         <value>0x308d</value>
      </symbol>
      <symbol id="sm-7bb">
         <name>EUSCIA0_IRQHandler</name>
         <value>0x308d</value>
      </symbol>
      <symbol id="sm-7bc">
         <name>EUSCIA1_IRQHandler</name>
         <value>0x308d</value>
      </symbol>
      <symbol id="sm-7bd">
         <name>EUSCIA2_IRQHandler</name>
         <value>0x308d</value>
      </symbol>
      <symbol id="sm-7be">
         <name>EUSCIA3_IRQHandler</name>
         <value>0x308d</value>
      </symbol>
      <symbol id="sm-7bf">
         <name>EUSCIB0_IRQHandler</name>
         <value>0x308d</value>
      </symbol>
      <symbol id="sm-7c0">
         <name>EUSCIB1_IRQHandler</name>
         <value>0x308d</value>
      </symbol>
      <symbol id="sm-7c1">
         <name>EUSCIB2_IRQHandler</name>
         <value>0x308d</value>
      </symbol>
      <symbol id="sm-7c2">
         <name>EUSCIB3_IRQHandler</name>
         <value>0x308d</value>
      </symbol>
      <symbol id="sm-7c3">
         <name>ADC14_IRQHandler</name>
         <value>0x308d</value>
      </symbol>
      <symbol id="sm-7c4">
         <name>T32_INT1_IRQHandler</name>
         <value>0x308d</value>
      </symbol>
      <symbol id="sm-7c5">
         <name>T32_INT2_IRQHandler</name>
         <value>0x308d</value>
      </symbol>
      <symbol id="sm-7c6">
         <name>T32_INTC_IRQHandler</name>
         <value>0x308d</value>
      </symbol>
      <symbol id="sm-7c7">
         <name>AES256_IRQHandler</name>
         <value>0x308d</value>
      </symbol>
      <symbol id="sm-7c8">
         <name>RTC_C_IRQHandler</name>
         <value>0x308d</value>
      </symbol>
      <symbol id="sm-7c9">
         <name>DMA_ERR_IRQHandler</name>
         <value>0x308d</value>
      </symbol>
      <symbol id="sm-7ca">
         <name>DMA_INT3_IRQHandler</name>
         <value>0x308d</value>
      </symbol>
      <symbol id="sm-7cb">
         <name>DMA_INT2_IRQHandler</name>
         <value>0x308d</value>
      </symbol>
      <symbol id="sm-7cc">
         <name>DMA_INT1_IRQHandler</name>
         <value>0x308d</value>
      </symbol>
      <symbol id="sm-7cd">
         <name>DMA_INT0_IRQHandler</name>
         <value>0x308d</value>
      </symbol>
      <symbol id="sm-7ce">
         <name>PORT1_IRQHandler</name>
         <value>0x308d</value>
      </symbol>
      <symbol id="sm-7cf">
         <name>PORT2_IRQHandler</name>
         <value>0xe5d</value>
      </symbol>
      <symbol id="sm-7d0">
         <name>PORT3_IRQHandler</name>
         <value>0x308d</value>
      </symbol>
      <symbol id="sm-7d1">
         <name>PORT4_IRQHandler</name>
         <value>0xd3b</value>
      </symbol>
      <symbol id="sm-7d2">
         <name>PORT5_IRQHandler</name>
         <value>0x308d</value>
      </symbol>
      <symbol id="sm-7d3">
         <name>PORT6_IRQHandler</name>
         <value>0x308d</value>
      </symbol>
      <symbol id="sm-7d4">
         <name>remove</name>
         <value>0x2f05</value>
      </symbol>
   </symbol_table>
   <title>Link successful</title>
</link_info>
