******************************************************************************
                  TI ARM Linker PC v18.1.1                     
******************************************************************************
>> Linked Sun Apr 22 14:00:29 2018

OUTPUT FILE NAME:   <Cubli_controller.out>
ENTRY POINT SYMBOL: "_c_int00_noargs"  address: 00002f75


MEMORY CONFIGURATION

         name            origin    length      used     unused   attr    fill
----------------------  --------  ---------  --------  --------  ----  --------
  MAIN                  00000000   00040000  00003421  0003cbdf  R  X
  INFO                  00200000   00004000  00000000  00004000  R  X
  SRAM_CODE             01000000   00010000  000009e4  0000f61c  RW X
  SRAM_DATA             20000000   00010000  000009e4  0000f61c  RW  


SEGMENT ALLOCATION MAP

run origin  load origin   length   init length attrs members
----------  ----------- ---------- ----------- ----- -------
00000000    00000000    00003428   00003428    r-x
  00000000    00000000    000000e4   000000e4    r-- .intvecs
  000000e4    000000e4    000031a4   000031a4    r-x .text
  00003288    00003288    00000101   00000101    r-- .const
  00003390    00003390    00000098   00000098    r-- .cinit
20000000    20000000    000007e4   00000000    rw-
  20000000    20000000    00000400   00000000    rw- .sysmem
  20000400    20000400    000001f4   00000000    rw- .bss
  200005f4    200005f4    000001f0   00000000    rw- .data
2000fe00    2000fe00    00000200   00000000    rw-
  2000fe00    2000fe00    00000200   00000000    rw- .stack


SECTION ALLOCATION MAP

 output                                  attributes/
section   page    origin      length       input sections
--------  ----  ----------  ----------   ----------------
.intvecs   0    00000000    000000e4     
                  00000000    000000e4     startup_msp432p401r_ccs.obj (.intvecs:retain)

.text      0    000000e4    000031a4     
                  000000e4    00000a5e     rtsv7M4_T_le_v4SPD16_eabi.lib : _printfi.c.obj (.text:__TI_printfi)
                  00000b42    00000002                                   : _lock.c.obj (.text:_nop)
                  00000b44    00000528     main.obj (.text)
                  0000106c    00000334     system_msp432p401r.obj (.text)
                  000013a0    00000270     rtsv7M4_T_le_v4SPD16_eabi.lib : _printfi.c.obj (.text:_pconv_a)
                  00001610    000001d0                                   : _printfi.c.obj (.text:_pconv_g)
                  000017e0    000001b6                                   : fd_add_t2.asm.obj (.text)
                  00001996    00000002                                   : div0.asm.obj (.text)
                  00001998    0000013c                                   : _printfi.c.obj (.text:_pconv_e)
                  00001ad4    00000136                                   : fd_div_t2.asm.obj (.text)
                  00001c0a    00000002     --HOLE-- [fill = 0]
                  00001c0c    00000120                                   : _printfi.c.obj (.text:fcvt)
                  00001d2c    00000114                                   : fputs.c.obj (.text:fputs)
                  00001e40    00000110                                   : s_scalbn.c.obj (.text:scalbn)
                  00001f50    000000fc                                   : fd_mul_t2.asm.obj (.text)
                  0000204c    000000dc                                   : setvbuf.c.obj (.text:setvbuf)
                  00002128    000000d8                                   : memory.c.obj (.text:free)
                  00002200    000000b1                                   : _printfi.c.obj (.text:_ltostr)
                  000022b1    00000001     --HOLE-- [fill = 0]
                  000022b2    0000009c                                   : memcpy_t2.asm.obj (.text)
                  0000234e    00000096                                   : ull_div_t2.asm.obj (.text)
                  000023e4    0000008c                                   : fputc.c.obj (.text:fputc)
                  00002470    00000086                                   : fd_cmp_t2.asm.obj (.text:__aeabi_cdcmple)
                  000024f6    00000086                                   : fd_cmp_t2.asm.obj (.text:__aeabi_cdrcmple)
                  0000257c    0000007a                                   : memset_t2.asm.obj (.text)
                  000025f6    00000002     --HOLE-- [fill = 0]
                  000025f8    00000078                                   : memory.c.obj (.text:malloc)
                  00002670    00000074                                   : fclose.c.obj (.text:__TI_closefile)
                  000026e4    0000006e                                   : _printfi.c.obj (.text:_mcpy)
                  00002752    00000002     --HOLE-- [fill = 0]
                  00002754    00000068                                   : hostlseek.c.obj (.text:HOSTlseek)
                  000027bc    00000068                                   : hostrename.c.obj (.text:HOSTrename)
                  00002824    00000068                                   : copy_decompress_lzss.c.obj (.text:decompress:lzss:__TI_decompress_lzss)
                  0000288c    00000068                                   : printf.c.obj (.text:printf)
                  000028f4    00000064                                   : s_frexp.c.obj (.text:frexp)
                  00002958    00000064                                   : fseek.c.obj (.text:fseek)
                  000029bc    00000062                                   : _io_perm.c.obj (.text:__TI_wrt_ok)
                  00002a1e    00000002     --HOLE-- [fill = 0]
                  00002a20    00000060                                   : hostopen.c.obj (.text:HOSTopen)
                  00002a80    0000005c                                   : close.c.obj (.text:close)
                  00002adc    00000058                                   : hostread.c.obj (.text:HOSTread)
                  00002b34    00000058                                   : hostwrite.c.obj (.text:HOSTwrite)
                  00002b8c    00000056                                   : _printfi.c.obj (.text:_pconv_f)
                  00002be2    00000054                                   : ltoa.c.obj (.text:ltoa)
                  00002c36    00000052                                   : _printfi.c.obj (.text:_ecpy)
                  00002c88    0000004c                                   : fflush.c.obj (.text:__TI_doflush)
                  00002cd4    0000004c                                   : atoi.c.obj (.text:atoi)
                  00002d20    00000048                                   : exit.c.obj (.text:exit)
                  00002d68    00000048                                   : fd_toi_t2.asm.obj (.text)
                  00002db0    00000044                                   : hostclose.c.obj (.text:HOSTclose)
                  00002df4    00000044                                   : hostunlink.c.obj (.text:HOSTunlink)
                  00002e38    00000044                                   : autoinit.c.obj (.text:__TI_auto_init_nobinit_nopinit:__TI_auto_init_nobinit_nopinit)
                  00002e7c    00000044                                   : getdevice.c.obj (.text:getdevice)
                  00002ec0    0000003e                                   : _printfi.c.obj (.text:_fcpy)
                  00002efe    00000002     --HOLE-- [fill = 0]
                  00002f00    0000003c                                   : memory.c.obj (.text:minsert)
                  00002f3c    00000038                                   : trgmsg.c.obj (.text:__TI_writemsg)
                  00002f74    00000038                                   : boot_cortex_m.c.obj (.text:_c_int00_noargs:_c_int00_noargs)
                  00002fac    00000038                                   : memory.c.obj (.text:minit)
                  00002fe4    00000036                                   : strncpy.c.obj (.text:strncpy)
                  0000301a    00000002     --HOLE-- [fill = 0]
                  0000301c    00000034                                   : fopen.c.obj (.text:__TI_cleanup)
                  00003050    00000034                                   : trgmsg.c.obj (.text:__TI_readmsg)
                  00003084    00000030                                   : getdevice.c.obj (.text:finddevice)
                  000030b4    0000002e                                   : i_tofd_t2.asm.obj (.text)
                  000030e2    00000002     --HOLE-- [fill = 0]
                  000030e4    0000002c                                   : unlink.c.obj (.text:unlink)
                  00003110    00000028                                   : lseek.c.obj (.text:lseek)
                  00003138    00000028                                   : memory.c.obj (.text:mremove)
                  00003160    00000028                                   : write.c.obj (.text:write)
                  00003188    00000020                                   : memchr.c.obj (.text:memchr)
                  000031a8    0000001c                                   : memccpy.c.obj (.text:memccpy)
                  000031c4    00000018                                   : strcmp.c.obj (.text:strcmp)
                  000031dc    00000016                                   : strchr.c.obj (.text:strchr)
                  000031f2    00000014                                   : s_copysign.c.obj (.text:copysign)
                  00003206    00000014                                   : strcpy.c.obj (.text:strcpy)
                  0000321a    00000014                                   : strlen.c.obj (.text:strlen)
                  0000322e    00000012                                   : copy_zero_init.c.obj (.text:decompress:ZI:__TI_zero_init_nomemset:__TI_zero_init_nomemset)
                  00003240    00000012                                   : wcslen.c.obj (.text:wcslen)
                  00003252    0000000e                                   : copy_decompress_none.c.obj (.text:decompress:none:__TI_decompress_none)
                  00003260    0000000e     startup_msp432p401r_ccs.obj (.text)
                  0000326e    00000002     --HOLE-- [fill = 0]
                  00003270    00000008     rtsv7M4_T_le_v4SPD16_eabi.lib : errno.c.obj (.text:__aeabi_errno_addr)
                  00003278    00000004                                   : printf.c.obj (.text:_outc)
                  0000327c    00000004                                   : printf.c.obj (.text:_outs)
                  00003280    00000004                                   : pre_init.c.obj (.text:_system_pre_init)
                  00003284    00000004                                   : exit.c.obj (.text:abort:abort)

.const     0    00003288    00000101     
                  00003288    00000101     rtsv7M4_T_le_v4SPD16_eabi.lib : ctype.c.obj (.const:.string:_ctypes_)

.cinit     0    00003390    00000098     
                  00003390    00000074     (.cinit..data.load) [load image, compression = lzss]
                  00003404    0000000c     (__TI_handler_table)
                  00003410    00000008     (.cinit..bss.load) [load image, compression = zero_init]
                  00003418    00000010     (__TI_cinit_table)

.init_array 
*          0    00000000    00000000     UNINITIALIZED

.binit     0    00000000    00000000     

.sysmem    0    20000000    00000400     UNINITIALIZED
                  20000000    00000008     rtsv7M4_T_le_v4SPD16_eabi.lib : memory.c.obj (.sysmem)
                  20000008    000003f8     --HOLE--

.bss       0    20000400    000001f4     UNINITIALIZED
                  20000400    00000120     rtsv7M4_T_le_v4SPD16_eabi.lib : trgmsg.c.obj (.bss:_CIOBUF_)
                  20000520    000000a0     (.common:__TI_tmpnams)
                  200005c0    00000008     (.common:parmbuf)
                  200005c8    00000004     (.common:K1)
                  200005cc    00000004     (.common:K2)
                  200005d0    00000004     (.common:K3)
                  200005d4    00000004     (.common:cons)
                  200005d8    00000004     (.common:pos_corps)
                  200005dc    00000004     (.common:pos_roue)
                  200005e0    00000004     (.common:prev_tic_corps)
                  200005e4    00000004     (.common:prev_tic_roue)
                  200005e8    00000004     (.common:vitesse_corps)
                  200005ec    00000004     (.common:vitesse_roue)
                  200005f0    00000002     (.common:uMax)
                  200005f2    00000002     (.common:uMin)

.data      0    200005f4    000001f0     UNINITIALIZED
                  200005f4    000000f0     rtsv7M4_T_le_v4SPD16_eabi.lib : defs.c.obj (.data:_ftable)
                  200006e4    00000078                                   : write.c.obj (.data:_device)
                  2000075c    00000050                                   : write.c.obj (.data:_stream)
                  200007ac    00000010                                   : defs.c.obj (.data)
                  200007bc    0000000c                                   : exit.c.obj (.data:$O1$$)
                  200007c8    0000000c                                   : memory.c.obj (.data:$O1$$)
                  200007d4    00000008                                   : _lock.c.obj (.data:$O1$$)
                  200007dc    00000004                                   : errno.c.obj (.data)
                  200007e0    00000004     system_msp432p401r.obj (.data)

.stack     0    2000fe00    00000200     UNINITIALIZED
                  2000fe00    00000004     rtsv7M4_T_le_v4SPD16_eabi.lib : boot_cortex_m.c.obj (.stack)
                  2000fe04    000001fc     --HOLE--

MODULE SUMMARY

       Module                        code    ro data   rw data
       ------                        ----    -------   -------
    .\
       main.obj                      1320    0         88     
       system_msp432p401r.obj        820     0         8      
       startup_msp432p401r_ccs.obj   14      228       0      
    +--+-----------------------------+-------+---------+---------+
       Total:                        2154    228       96     
                                                              
    C:\ti\ccsv8\tools\compiler\ti-cgt-arm_18.1.1.LTS\lib\rtsv7M4_T_le_v4SPD16_eabi.lib
       _printfi.c.obj                4863    0         0      
       defs.c.obj                    0       0         832    
       trgmsg.c.obj                  108     0         576    
       memory.c.obj                  492     0         24     
       write.c.obj                   40      0         400    
       fd_add_t2.asm.obj             438     0         0      
       fd_div_t2.asm.obj             310     0         0      
       fputs.c.obj                   276     0         0      
       s_scalbn.c.obj                272     0         0      
       fd_cmp_t2.asm.obj             268     0         0      
       ctype.c.obj                   0       257       0      
       fd_mul_t2.asm.obj             252     0         0      
       setvbuf.c.obj                 220     0         0      
       memcpy_t2.asm.obj             156     0         0      
       ull_div_t2.asm.obj            150     0         0      
       fputc.c.obj                   140     0         0      
       memset_t2.asm.obj             122     0         0      
       fclose.c.obj                  116     0         0      
       getdevice.c.obj               116     0         0      
       hostopen.c.obj                96      0         16     
       printf.c.obj                  112     0         0      
       copy_decompress_lzss.c.obj    104     0         0      
       hostlseek.c.obj               104     0         0      
       hostrename.c.obj              104     0         0      
       exit.c.obj                    76      0         24     
       fseek.c.obj                   100     0         0      
       s_frexp.c.obj                 100     0         0      
       _io_perm.c.obj                98      0         0      
       close.c.obj                   92      0         0      
       hostread.c.obj                88      0         0      
       hostwrite.c.obj               88      0         0      
       ltoa.c.obj                    84      0         0      
       atoi.c.obj                    76      0         0      
       fflush.c.obj                  76      0         0      
       fd_toi_t2.asm.obj             72      0         0      
       autoinit.c.obj                68      0         0      
       hostclose.c.obj               68      0         0      
       hostunlink.c.obj              68      0         0      
       boot_cortex_m.c.obj           56      0         0      
       strncpy.c.obj                 54      0         0      
       fopen.c.obj                   52      0         0      
       i_tofd_t2.asm.obj             46      0         0      
       unlink.c.obj                  44      0         0      
       lseek.c.obj                   40      0         0      
       memchr.c.obj                  32      0         0      
       memccpy.c.obj                 28      0         0      
       strcmp.c.obj                  24      0         0      
       strchr.c.obj                  22      0         0      
       s_copysign.c.obj              20      0         0      
       strcpy.c.obj                  20      0         0      
       strlen.c.obj                  20      0         0      
       _lock.c.obj                   2       0         16     
       copy_zero_init.c.obj          18      0         0      
       wcslen.c.obj                  18      0         0      
       errno.c.obj                   8       0         8      
       copy_decompress_none.c.obj    14      0         0      
       pre_init.c.obj                4       0         0      
       div0.asm.obj                  2       0         0      
    +--+-----------------------------+-------+---------+---------+
       Total:                        10537   257       1896   
                                                              
       Heap:                         0       0         2048   
       Stack:                        0       0         1024   
       Linker Generated:             0       152       0      
    +--+-----------------------------+-------+---------+---------+
       Grand Total:                  12691   637       5064   


LINKER GENERATED COPY TABLES

__TI_cinit_table @ 00003418 records: 2, size/record: 8, table size: 16
	.data: load addr=00003390, load size=00000074 bytes, run addr=200005f4, run size=000001f0 bytes, compression=lzss
	.bss: load addr=00003410, load size=00000008 bytes, run addr=20000400, run size=000001f4 bytes, compression=zero_init


LINKER GENERATED HANDLER TABLE

__TI_handler_table @ 00003404 records: 3, size/record: 4, table size: 12
	index: 0, handler: __TI_decompress_lzss
	index: 1, handler: __TI_decompress_none
	index: 2, handler: __TI_zero_init


GLOBAL SYMBOLS: SORTED ALPHABETICALLY BY Name 

address   name                           
-------   ----                           
0000326d  ADC14_IRQHandler               
0000326d  AES256_IRQHandler              
0000326d  BusFault_Handler               
00003285  C$$EXIT                        
00002f6b  C$$IO$$                        
0000326d  COMP_E0_IRQHandler             
0000326d  COMP_E1_IRQHandler             
0000326d  CS_IRQHandler                  
0000326d  DMA_ERR_IRQHandler             
0000326d  DMA_INT0_IRQHandler            
0000326d  DMA_INT1_IRQHandler            
0000326d  DMA_INT2_IRQHandler            
0000326d  DMA_INT3_IRQHandler            
0000326d  DebugMon_Handler               
0000326d  Default_Handler                
0000326d  EUSCIA0_IRQHandler             
0000326d  EUSCIA1_IRQHandler             
0000326d  EUSCIA2_IRQHandler             
0000326d  EUSCIA3_IRQHandler             
0000326d  EUSCIB0_IRQHandler             
0000326d  EUSCIB1_IRQHandler             
0000326d  EUSCIB2_IRQHandler             
0000326d  EUSCIB3_IRQHandler             
0000326d  FLCTL_IRQHandler               
0000326d  FPU_IRQHandler                 
00002db1  HOSTclose                      
00002755  HOSTlseek                      
00002a21  HOSTopen                       
00002add  HOSTread                       
000027bd  HOSTrename                     
00002df5  HOSTunlink                     
00002b35  HOSTwrite                      
0000326d  HardFault_Handler              
200005c8  K1                             
200005cc  K2                             
200005d0  K3                             
0000326d  MemManage_Handler              
0000326d  NMI_Handler                    
0000326d  PCM_IRQHandler                 
0000326d  PORT1_IRQHandler               
00000db5  PORT2_IRQHandler               
00000db5  PORT2_IRQHandler               
0000326d  PORT3_IRQHandler               
00000f35  PORT4_IRQHandler               
00000f35  PORT4_IRQHandler               
0000326d  PORT5_IRQHandler               
0000326d  PORT6_IRQHandler               
0000326d  PSS_IRQHandler                 
0000326d  PendSV_Handler                 
0000326d  RTC_C_IRQHandler               
00003261  Reset_Handler                  
0000326d  SVC_Handler                    
0000326d  SysTick_Handler                
200007e0  SystemCoreClock                
0000106d  SystemCoreClockUpdate          
000012e5  SystemInit                     
0000326d  T32_INT1_IRQHandler            
0000326d  T32_INT2_IRQHandler            
0000326d  T32_INTC_IRQHandler            
00000d33  TA0_0_IRQHandler               
00000d33  TA0_0_IRQHandler               
00000d69  TA0_N_IRQHandler               
00000d69  TA0_N_IRQHandler               
0000326d  TA1_0_IRQHandler               
0000326d  TA1_N_IRQHandler               
0000326d  TA2_0_IRQHandler               
0000326d  TA2_N_IRQHandler               
0000326d  TA3_0_IRQHandler               
0000326d  TA3_N_IRQHandler               
0000326d  UsageFault_Handler             
4000480c  WDTCTL_SYM                     
0000326d  WDT_A_IRQHandler               
20000400  __CIOBUF_                      
20010000  __STACK_END                    
00000200  __STACK_SIZE                   
00000400  __SYSMEM_SIZE                  
00003418  __TI_CINIT_Base                
00003428  __TI_CINIT_Limit               
00003404  __TI_Handler_Table_Base        
00003410  __TI_Handler_Table_Limit       
00002e39  __TI_auto_init_nobinit_nopinit 
0000301d  __TI_cleanup                   
200007bc  __TI_cleanup_ptr               
00002671  __TI_closefile                 
00002825  __TI_decompress_lzss           
00003253  __TI_decompress_none           
00002c89  __TI_doflush                   
200007c0  __TI_dtors_ptr                 
200007c4  __TI_enable_exit_profile_output
200007ac  __TI_ft_end                    
ffffffff  __TI_pprof_out_hndl            
000000e5  __TI_printfi                   
ffffffff  __TI_prof_data_size            
ffffffff  __TI_prof_data_start           
00003051  __TI_readmsg                   
00000000  __TI_static_base__             
20000520  __TI_tmpnams                   
00002f3d  __TI_writemsg                  
000029bd  __TI_wrt_ok                    
0000322f  __TI_zero_init_nomemset        
00002471  __aeabi_cdcmpeq                
00002471  __aeabi_cdcmple                
000024f7  __aeabi_cdrcmple               
00002d69  __aeabi_d2iz                   
000017eb  __aeabi_dadd                   
00001ad5  __aeabi_ddiv                   
00001f51  __aeabi_dmul                   
000017e1  __aeabi_dsub                   
00003271  __aeabi_errno_addr             
000030b5  __aeabi_i2d                    
00001997  __aeabi_idiv0                  
00001997  __aeabi_ldiv0                  
0000257d  __aeabi_memclr                 
0000257d  __aeabi_memclr4                
0000257d  __aeabi_memclr8                
000022b3  __aeabi_memcpy                 
000022b3  __aeabi_memcpy4                
000022b3  __aeabi_memcpy8                
0000257f  __aeabi_memset                 
0000257f  __aeabi_memset4                
0000257f  __aeabi_memset8                
200007b8  __aeabi_stderr                 
200007b0  __aeabi_stdin                  
200007b4  __aeabi_stdout                 
0000234f  __aeabi_uldivmod               
ffffffff  __binit__                      
ffffffff  __c_args__                     
UNDEFED   __mpu_init                     
2000fe00  __stack                        
00002f75  _c_int00_noargs                
00003288  _ctypes_                       
200006e4  _device                        
200005f4  _ftable                        
200007d4  _lock                          
00000b43  _nop                           
2000075c  _stream                        
20000000  _sys_memory                    
UNDEFED   _system_post_cinit             
00003281  _system_pre_init               
200007d8  _unlock                        
00003285  abort                          
00002cd5  atoi                           
ffffffff  binit                          
00002a81  close                          
200005d4  cons                           
000031f3  copysign                       
000031f3  copysignl                      
200007dc  errno                          
00002d21  exit                           
00003085  finddevice                     
000023e5  fputc                          
00001d2d  fputs                          
00002129  free                           
000028f5  frexp                          
000028f5  frexpl                         
00002959  fseek                          
00002e7d  getdevice                      
00000000  interruptVectors               
00001e41  ldexp                          
00001e41  ldexpl                         
00003111  lseek                          
00002be3  ltoa                           
00000baf  main                           
000025f9  malloc                         
000031a9  memccpy                        
00003189  memchr                         
000022b3  memcpy                         
00002585  memset                         
00002fad  minit                          
200005c0  parmbuf                        
200005d8  pos_corps                      
200005dc  pos_roue                       
200005e0  prev_tic_corps                 
200005e4  prev_tic_roue                  
0000288d  printf                         
000023e5  putc                           
000030e5  remove                         
00001e41  scalbn                         
00001e41  scalbnl                        
00000d87  setDIR                         
00000cd7  setPWM                         
0000204d  setvbuf                        
000031dd  strchr                         
000031c5  strcmp                         
00003207  strcpy                         
0000321b  strlen                         
00002fe5  strncpy                        
200005f0  uMax                           
200005f2  uMin                           
000030e5  unlink                         
200005e8  vitesse_corps                  
200005ec  vitesse_roue                   
00003241  wcslen                         
00003161  write                          


GLOBAL SYMBOLS: SORTED BY Symbol Address 

address   name                           
-------   ----                           
00000000  __TI_static_base__             
00000000  interruptVectors               
000000e5  __TI_printfi                   
00000200  __STACK_SIZE                   
00000400  __SYSMEM_SIZE                  
00000b43  _nop                           
00000baf  main                           
00000cd7  setPWM                         
00000d33  TA0_0_IRQHandler               
00000d33  TA0_0_IRQHandler               
00000d69  TA0_N_IRQHandler               
00000d69  TA0_N_IRQHandler               
00000d87  setDIR                         
00000db5  PORT2_IRQHandler               
00000db5  PORT2_IRQHandler               
00000f35  PORT4_IRQHandler               
00000f35  PORT4_IRQHandler               
0000106d  SystemCoreClockUpdate          
000012e5  SystemInit                     
000017e1  __aeabi_dsub                   
000017eb  __aeabi_dadd                   
00001997  __aeabi_idiv0                  
00001997  __aeabi_ldiv0                  
00001ad5  __aeabi_ddiv                   
00001d2d  fputs                          
00001e41  ldexp                          
00001e41  ldexpl                         
00001e41  scalbn                         
00001e41  scalbnl                        
00001f51  __aeabi_dmul                   
0000204d  setvbuf                        
00002129  free                           
000022b3  __aeabi_memcpy                 
000022b3  __aeabi_memcpy4                
000022b3  __aeabi_memcpy8                
000022b3  memcpy                         
0000234f  __aeabi_uldivmod               
000023e5  fputc                          
000023e5  putc                           
00002471  __aeabi_cdcmpeq                
00002471  __aeabi_cdcmple                
000024f7  __aeabi_cdrcmple               
0000257d  __aeabi_memclr                 
0000257d  __aeabi_memclr4                
0000257d  __aeabi_memclr8                
0000257f  __aeabi_memset                 
0000257f  __aeabi_memset4                
0000257f  __aeabi_memset8                
00002585  memset                         
000025f9  malloc                         
00002671  __TI_closefile                 
00002755  HOSTlseek                      
000027bd  HOSTrename                     
00002825  __TI_decompress_lzss           
0000288d  printf                         
000028f5  frexp                          
000028f5  frexpl                         
00002959  fseek                          
000029bd  __TI_wrt_ok                    
00002a21  HOSTopen                       
00002a81  close                          
00002add  HOSTread                       
00002b35  HOSTwrite                      
00002be3  ltoa                           
00002c89  __TI_doflush                   
00002cd5  atoi                           
00002d21  exit                           
00002d69  __aeabi_d2iz                   
00002db1  HOSTclose                      
00002df5  HOSTunlink                     
00002e39  __TI_auto_init_nobinit_nopinit 
00002e7d  getdevice                      
00002f3d  __TI_writemsg                  
00002f6b  C$$IO$$                        
00002f75  _c_int00_noargs                
00002fad  minit                          
00002fe5  strncpy                        
0000301d  __TI_cleanup                   
00003051  __TI_readmsg                   
00003085  finddevice                     
000030b5  __aeabi_i2d                    
000030e5  remove                         
000030e5  unlink                         
00003111  lseek                          
00003161  write                          
00003189  memchr                         
000031a9  memccpy                        
000031c5  strcmp                         
000031dd  strchr                         
000031f3  copysign                       
000031f3  copysignl                      
00003207  strcpy                         
0000321b  strlen                         
0000322f  __TI_zero_init_nomemset        
00003241  wcslen                         
00003253  __TI_decompress_none           
00003261  Reset_Handler                  
0000326d  ADC14_IRQHandler               
0000326d  AES256_IRQHandler              
0000326d  BusFault_Handler               
0000326d  COMP_E0_IRQHandler             
0000326d  COMP_E1_IRQHandler             
0000326d  CS_IRQHandler                  
0000326d  DMA_ERR_IRQHandler             
0000326d  DMA_INT0_IRQHandler            
0000326d  DMA_INT1_IRQHandler            
0000326d  DMA_INT2_IRQHandler            
0000326d  DMA_INT3_IRQHandler            
0000326d  DebugMon_Handler               
0000326d  Default_Handler                
0000326d  EUSCIA0_IRQHandler             
0000326d  EUSCIA1_IRQHandler             
0000326d  EUSCIA2_IRQHandler             
0000326d  EUSCIA3_IRQHandler             
0000326d  EUSCIB0_IRQHandler             
0000326d  EUSCIB1_IRQHandler             
0000326d  EUSCIB2_IRQHandler             
0000326d  EUSCIB3_IRQHandler             
0000326d  FLCTL_IRQHandler               
0000326d  FPU_IRQHandler                 
0000326d  HardFault_Handler              
0000326d  MemManage_Handler              
0000326d  NMI_Handler                    
0000326d  PCM_IRQHandler                 
0000326d  PORT1_IRQHandler               
0000326d  PORT3_IRQHandler               
0000326d  PORT5_IRQHandler               
0000326d  PORT6_IRQHandler               
0000326d  PSS_IRQHandler                 
0000326d  PendSV_Handler                 
0000326d  RTC_C_IRQHandler               
0000326d  SVC_Handler                    
0000326d  SysTick_Handler                
0000326d  T32_INT1_IRQHandler            
0000326d  T32_INT2_IRQHandler            
0000326d  T32_INTC_IRQHandler            
0000326d  TA1_0_IRQHandler               
0000326d  TA1_N_IRQHandler               
0000326d  TA2_0_IRQHandler               
0000326d  TA2_N_IRQHandler               
0000326d  TA3_0_IRQHandler               
0000326d  TA3_N_IRQHandler               
0000326d  UsageFault_Handler             
0000326d  WDT_A_IRQHandler               
00003271  __aeabi_errno_addr             
00003281  _system_pre_init               
00003285  C$$EXIT                        
00003285  abort                          
00003288  _ctypes_                       
00003404  __TI_Handler_Table_Base        
00003410  __TI_Handler_Table_Limit       
00003418  __TI_CINIT_Base                
00003428  __TI_CINIT_Limit               
20000000  _sys_memory                    
20000400  __CIOBUF_                      
20000520  __TI_tmpnams                   
200005c0  parmbuf                        
200005c8  K1                             
200005cc  K2                             
200005d0  K3                             
200005d4  cons                           
200005d8  pos_corps                      
200005dc  pos_roue                       
200005e0  prev_tic_corps                 
200005e4  prev_tic_roue                  
200005e8  vitesse_corps                  
200005ec  vitesse_roue                   
200005f0  uMax                           
200005f2  uMin                           
200005f4  _ftable                        
200006e4  _device                        
2000075c  _stream                        
200007ac  __TI_ft_end                    
200007b0  __aeabi_stdin                  
200007b4  __aeabi_stdout                 
200007b8  __aeabi_stderr                 
200007bc  __TI_cleanup_ptr               
200007c0  __TI_dtors_ptr                 
200007c4  __TI_enable_exit_profile_output
200007d4  _lock                          
200007d8  _unlock                        
200007dc  errno                          
200007e0  SystemCoreClock                
2000fe00  __stack                        
20010000  __STACK_END                    
4000480c  WDTCTL_SYM                     
ffffffff  __TI_pprof_out_hndl            
ffffffff  __TI_prof_data_size            
ffffffff  __TI_prof_data_start           
ffffffff  __binit__                      
ffffffff  __c_args__                     
ffffffff  binit                          
UNDEFED   __mpu_init                     
UNDEFED   _system_post_cinit             

[194 symbols]
